2026-01-23 14:18:30,394 - INFO - 开始幸福感数据集导入流程...
2026-01-23 14:18:30,395 - INFO - 开始导入简化版数据...
2026-01-23 14:18:30,417 - INFO - 开始预处理train数据集，原始数据量: 8000
2026-01-23 14:18:30,620 - INFO - train数据集预处理完成，清洗后数据量: 8000
2026-01-23 14:18:30,629 - INFO - 开始预处理test数据集，原始数据量: 2968
2026-01-23 14:18:30,707 - INFO - test数据集预处理完成，清洗后数据量: 2968
2026-01-23 14:18:31,296 - ERROR - 插入py_happiness_survey表失败: (1054, "Unknown column 'survey_type' in 'field list'")
2026-01-23 14:18:31,297 - ERROR - 导入简化版数据失败: (1054, "Unknown column 'survey_type' in 'field list'")
2026-01-23 14:18:31,297 - ERROR - 数据导入流程失败: (1054, "Unknown column 'survey_type' in 'field list'")
2026-01-23 14:21:37,492 - INFO - 开始幸福感数据集导入流程...
2026-01-23 14:21:37,492 - INFO - 开始导入简化版数据...
2026-01-23 14:21:37,513 - INFO - 开始预处理train数据集，原始数据量: 8000
2026-01-23 14:21:37,749 - INFO - train数据集预处理完成，清洗后数据量: 8000
2026-01-23 14:21:37,758 - INFO - 开始预处理test数据集，原始数据量: 2968
2026-01-23 14:21:37,842 - INFO - test数据集预处理完成，清洗后数据量: 2968
2026-01-23 14:21:38,407 - ERROR - 插入py_happiness_survey表失败: (1054, "Unknown column 'survey_time' in 'field list'")
2026-01-23 14:21:38,407 - ERROR - 导入简化版数据失败: (1054, "Unknown column 'survey_time' in 'field list'")
2026-01-23 14:21:38,407 - ERROR - 数据导入流程失败: (1054, "Unknown column 'survey_time' in 'field list'")
2026-01-23 14:21:59,229 - INFO - 开始幸福感数据集导入流程...
2026-01-23 14:21:59,229 - INFO - 开始导入简化版数据...
2026-01-23 14:21:59,250 - INFO - 开始预处理train数据集，原始数据量: 8000
2026-01-23 14:21:59,462 - INFO - train数据集预处理完成，清洗后数据量: 8000
2026-01-23 14:21:59,472 - INFO - 开始预处理test数据集，原始数据量: 2968
2026-01-23 14:21:59,554 - INFO - test数据集预处理完成，清洗后数据量: 2968
2026-01-23 14:22:00,141 - ERROR - 插入py_happiness_survey表失败: (1054, "Unknown column 'family_income' in 'field list'")
2026-01-23 14:22:00,141 - ERROR - 导入简化版数据失败: (1054, "Unknown column 'family_income' in 'field list'")
2026-01-23 14:22:00,141 - ERROR - 数据导入流程失败: (1054, "Unknown column 'family_income' in 'field list'")
2026-01-23 14:22:24,097 - INFO - 开始幸福感数据集导入流程...
2026-01-23 14:22:24,097 - INFO - 开始导入简化版数据...
2026-01-23 14:22:24,119 - INFO - 开始预处理train数据集，原始数据量: 8000
2026-01-23 14:22:24,338 - INFO - train数据集预处理完成，清洗后数据量: 8000
2026-01-23 14:22:24,347 - INFO - 开始预处理test数据集，原始数据量: 2968
2026-01-23 14:22:24,432 - INFO - test数据集预处理完成，清洗后数据量: 2968
2026-01-23 14:22:24,992 - ERROR - 插入py_happiness_survey表失败: (1054, "Unknown column 'data_source' in 'field list'")
2026-01-23 14:22:24,992 - ERROR - 导入简化版数据失败: (1054, "Unknown column 'data_source' in 'field list'")
2026-01-23 14:22:24,992 - ERROR - 数据导入流程失败: (1054, "Unknown column 'data_source' in 'field list'")
2026-01-23 14:22:46,130 - INFO - 开始幸福感数据集导入流程...
2026-01-23 14:22:46,131 - INFO - 开始导入简化版数据...
2026-01-23 14:22:46,153 - INFO - 开始预处理train数据集，原始数据量: 8000
2026-01-23 14:22:46,374 - INFO - train数据集预处理完成，清洗后数据量: 8000
2026-01-23 14:22:46,382 - INFO - 开始预处理test数据集，原始数据量: 2968
2026-01-23 14:22:46,463 - INFO - test数据集预处理完成，清洗后数据量: 2968
2026-01-23 14:22:47,079 - INFO - 已插入py_happiness_survey表第1批数据，共1000条记录
2026-01-23 14:22:47,183 - INFO - 已插入py_happiness_survey表第2批数据，共1000条记录
2026-01-23 14:22:47,285 - INFO - 已插入py_happiness_survey表第3批数据，共1000条记录
2026-01-23 14:22:47,339 - INFO - 已插入py_happiness_survey表第4批数据，共1000条记录
2026-01-23 14:22:47,397 - INFO - 已插入py_happiness_survey表第5批数据，共1000条记录
2026-01-23 14:22:47,453 - INFO - 已插入py_happiness_survey表第6批数据，共1000条记录
2026-01-23 14:22:47,511 - INFO - 已插入py_happiness_survey表第7批数据，共1000条记录
2026-01-23 14:22:47,566 - INFO - 已插入py_happiness_survey表第8批数据，共1000条记录
2026-01-23 14:22:47,632 - INFO - 已插入py_happiness_survey表第9批数据，共1000条记录
2026-01-23 14:22:47,685 - INFO - 已插入py_happiness_survey表第10批数据，共1000条记录
2026-01-23 14:22:47,734 - INFO - 已插入py_happiness_survey表第11批数据，共968条记录
2026-01-23 14:22:47,734 - INFO - 成功插入py_happiness_survey表总计10968条记录
2026-01-23 14:22:47,740 - INFO - 简化版数据导入完成
2026-01-23 14:22:47,742 - INFO - 开始导入完整版数据...
2026-01-23 14:22:47,770 - WARNING - 完整版训练数据编码问题，跳过完整版数据导入
2026-01-23 14:22:47,770 - INFO - 开始创建额外的索引和约束...
2026-01-23 14:22:47,858 - INFO - 成功执行: CREATE INDEX idx_happiness_gender
2026-01-23 14:22:47,932 - INFO - 成功执行: CREATE INDEX idx_province_city
2026-01-23 14:22:47,994 - INFO - 成功执行: CREATE INDEX idx_edu_income
2026-01-23 14:22:48,054 - INFO - 成功执行: CREATE INDEX idx_marital_status
2026-01-23 14:22:48,075 - INFO - 成功执行: CREATE INDEX idx_complete_happiness_gender
2026-01-23 14:22:48,094 - INFO - 成功执行: CREATE INDEX idx_complete_province_city
2026-01-23 14:22:48,113 - INFO - 成功执行: CREATE INDEX idx_complete_edu_income
2026-01-23 14:22:48,130 - INFO - 成功执行: CREATE INDEX idx_complete_marital
2026-01-23 14:22:48,130 - INFO - 数据导入流程完成，总耗时: 2.00秒
2026-01-23 14:26:18,148 - INFO - 开始幸福感数据集导入流程...
2026-01-23 14:26:18,149 - INFO - 开始导入简化版数据...
2026-01-23 14:26:18,174 - INFO - 开始预处理train数据集，原始数据量: 8000
2026-01-23 14:26:18,387 - INFO - train数据集预处理完成，清洗后数据量: 8000
2026-01-23 14:26:18,396 - INFO - 开始预处理test数据集，原始数据量: 2968
2026-01-23 14:26:18,481 - INFO - test数据集预处理完成，清洗后数据量: 2968
2026-01-23 14:26:19,075 - ERROR - 插入py_happiness_survey表失败: (1062, "Duplicate entry '1' for key 'PRIMARY'")
2026-01-23 14:26:19,075 - ERROR - 导入简化版数据失败: (1062, "Duplicate entry '1' for key 'PRIMARY'")
2026-01-23 14:26:19,075 - ERROR - 数据导入流程失败: (1062, "Duplicate entry '1' for key 'PRIMARY'")
2026-01-23 14:27:09,817 - INFO - 开始幸福感数据集导入流程...
2026-01-23 14:27:09,817 - INFO - 开始导入简化版数据...
2026-01-23 14:27:09,851 - INFO - 已清空 py_happiness_survey 表
2026-01-23 14:27:09,874 - INFO - 开始预处理train数据集，原始数据量: 8000
2026-01-23 14:27:10,102 - INFO - train数据集预处理完成，清洗后数据量: 8000
2026-01-23 14:27:10,114 - INFO - 开始预处理test数据集，原始数据量: 2968
2026-01-23 14:27:10,199 - INFO - test数据集预处理完成，清洗后数据量: 2968
2026-01-23 14:27:10,875 - INFO - 已插入py_happiness_survey表第1批数据，共1000条记录
2026-01-23 14:27:11,007 - INFO - 已插入py_happiness_survey表第2批数据，共1000条记录
2026-01-23 14:27:11,079 - INFO - 已插入py_happiness_survey表第3批数据，共1000条记录
2026-01-23 14:27:11,138 - INFO - 已插入py_happiness_survey表第4批数据，共1000条记录
2026-01-23 14:27:11,200 - INFO - 已插入py_happiness_survey表第5批数据，共1000条记录
2026-01-23 14:27:11,260 - INFO - 已插入py_happiness_survey表第6批数据，共1000条记录
2026-01-23 14:27:11,332 - INFO - 已插入py_happiness_survey表第7批数据，共1000条记录
2026-01-23 14:27:11,390 - INFO - 已插入py_happiness_survey表第8批数据，共1000条记录
2026-01-23 14:27:11,457 - INFO - 已插入py_happiness_survey表第9批数据，共1000条记录
2026-01-23 14:27:11,516 - INFO - 已插入py_happiness_survey表第10批数据，共1000条记录
2026-01-23 14:27:11,574 - INFO - 已插入py_happiness_survey表第11批数据，共968条记录
2026-01-23 14:27:11,574 - INFO - 成功插入py_happiness_survey表总计10968条记录
2026-01-23 14:27:11,581 - INFO - 简化版数据导入完成
2026-01-23 14:27:11,582 - INFO - 开始导入完整版数据...
2026-01-23 14:27:11,608 - INFO - 已清空 py_happiness_survey_complete 表
2026-01-23 14:27:11,642 - WARNING - 完整版训练数据编码问题，跳过完整版数据导入
2026-01-23 14:27:11,642 - INFO - 开始创建额外的索引和约束...
2026-01-23 14:27:11,645 - WARNING - 执行失败 (可能已存在): CREATE INDEX idx_happiness_gender ON py_happiness_survey(happiness, gender); - (1061, "Duplicate key name 'idx_happiness_gender'")
2026-01-23 14:27:11,646 - WARNING - 执行失败 (可能已存在): CREATE INDEX idx_province_city ON py_happiness_survey(province, city); - (1061, "Duplicate key name 'idx_province_city'")
2026-01-23 14:27:11,647 - WARNING - 执行失败 (可能已存在): CREATE INDEX idx_edu_income ON py_happiness_survey(edu, income); - (1061, "Duplicate key name 'idx_edu_income'")
2026-01-23 14:27:11,648 - WARNING - 执行失败 (可能已存在): CREATE INDEX idx_marital_status ON py_happiness_survey(marital); - (1061, "Duplicate key name 'idx_marital_status'")
2026-01-23 14:27:11,649 - WARNING - 执行失败 (可能已存在): CREATE INDEX idx_complete_happiness_gender ON py_happiness_survey_complete(happiness, gender); - (1061, "Duplicate key name 'idx_complete_happiness_gender'")
2026-01-23 14:27:11,649 - WARNING - 执行失败 (可能已存在): CREATE INDEX idx_complete_province_city ON py_happiness_survey_complete(province, city); - (1061, "Duplicate key name 'idx_complete_province_city'")
2026-01-23 14:27:11,650 - WARNING - 执行失败 (可能已存在): CREATE INDEX idx_complete_edu_income ON py_happiness_survey_complete(edu, income); - (1061, "Duplicate key name 'idx_complete_edu_income'")
2026-01-23 14:27:11,650 - WARNING - 执行失败 (可能已存在): CREATE INDEX idx_complete_marital ON py_happiness_survey_complete(marital); - (1061, "Duplicate key name 'idx_complete_marital'")
2026-01-23 14:27:11,650 - INFO - 数据导入流程完成，总耗时: 1.83秒
2026-01-23 14:29:59,150 - INFO - 开始幸福感数据集导入流程...
2026-01-23 14:29:59,150 - INFO - 开始导入简化版数据...
2026-01-23 14:29:59,183 - INFO - 已清空 py_happiness_survey 表
2026-01-23 14:29:59,205 - INFO - 开始预处理train数据集，原始数据量: 8000
2026-01-23 14:29:59,421 - INFO - train数据集预处理完成，清洗后数据量: 8000
2026-01-23 14:29:59,430 - INFO - 开始预处理test数据集，原始数据量: 2968
2026-01-23 14:29:59,513 - INFO - test数据集预处理完成，清洗后数据量: 2968
2026-01-23 14:30:00,170 - INFO - 已插入py_happiness_survey表第1批数据，共1000条记录
2026-01-23 14:30:00,292 - INFO - 已插入py_happiness_survey表第2批数据，共1000条记录
2026-01-23 14:30:00,356 - INFO - 已插入py_happiness_survey表第3批数据，共1000条记录
2026-01-23 14:30:00,416 - INFO - 已插入py_happiness_survey表第4批数据，共1000条记录
2026-01-23 14:30:00,474 - INFO - 已插入py_happiness_survey表第5批数据，共1000条记录
2026-01-23 14:30:00,533 - INFO - 已插入py_happiness_survey表第6批数据，共1000条记录
2026-01-23 14:30:00,597 - INFO - 已插入py_happiness_survey表第7批数据，共1000条记录
2026-01-23 14:30:00,657 - INFO - 已插入py_happiness_survey表第8批数据，共1000条记录
2026-01-23 14:30:00,777 - INFO - 已插入py_happiness_survey表第9批数据，共1000条记录
2026-01-23 14:30:00,838 - INFO - 已插入py_happiness_survey表第10批数据，共1000条记录
2026-01-23 14:30:00,899 - INFO - 已插入py_happiness_survey表第11批数据，共968条记录
2026-01-23 14:30:00,900 - INFO - 成功插入py_happiness_survey表总计10968条记录
2026-01-23 14:30:00,905 - INFO - 简化版数据导入完成
2026-01-23 14:30:00,906 - INFO - 开始导入完整版数据...
2026-01-23 14:30:00,957 - INFO - 已清空 py_happiness_survey_complete 表
2026-01-23 14:30:00,984 - WARNING - 完整版训练数据编码问题，跳过完整版数据导入
2026-01-23 14:30:00,985 - INFO - 开始创建额外的索引和约束...
2026-01-23 14:30:00,987 - WARNING - 执行失败 (可能已存在): CREATE INDEX idx_happiness_gender ON py_happiness_survey(happiness, gender); - (1061, "Duplicate key name 'idx_happiness_gender'")
2026-01-23 14:30:00,988 - WARNING - 执行失败 (可能已存在): CREATE INDEX idx_province_city ON py_happiness_survey(province, city); - (1061, "Duplicate key name 'idx_province_city'")
2026-01-23 14:30:00,989 - WARNING - 执行失败 (可能已存在): CREATE INDEX idx_edu_income ON py_happiness_survey(edu, income); - (1061, "Duplicate key name 'idx_edu_income'")
2026-01-23 14:30:00,989 - WARNING - 执行失败 (可能已存在): CREATE INDEX idx_marital_status ON py_happiness_survey(marital); - (1061, "Duplicate key name 'idx_marital_status'")
2026-01-23 14:30:00,990 - WARNING - 执行失败 (可能已存在): CREATE INDEX idx_complete_happiness_gender ON py_happiness_survey_complete(happiness, gender); - (1061, "Duplicate key name 'idx_complete_happiness_gender'")
2026-01-23 14:30:00,992 - WARNING - 执行失败 (可能已存在): CREATE INDEX idx_complete_province_city ON py_happiness_survey_complete(province, city); - (1061, "Duplicate key name 'idx_complete_province_city'")
2026-01-23 14:30:00,994 - WARNING - 执行失败 (可能已存在): CREATE INDEX idx_complete_edu_income ON py_happiness_survey_complete(edu, income); - (1061, "Duplicate key name 'idx_complete_edu_income'")
2026-01-23 14:30:00,994 - WARNING - 执行失败 (可能已存在): CREATE INDEX idx_complete_marital ON py_happiness_survey_complete(marital); - (1061, "Duplicate key name 'idx_complete_marital'")
2026-01-23 14:30:00,994 - INFO - 数据导入流程完成，总耗时: 1.84秒
2026-01-23 14:31:18,429 - INFO - 开始幸福感数据集导入流程...
2026-01-23 14:31:18,430 - INFO - 开始导入简化版数据...
2026-01-23 14:31:18,460 - INFO - 已清空 py_happiness_survey 表
2026-01-23 14:31:18,480 - INFO - 开始预处理train数据集，原始数据量: 8000
2026-01-23 14:31:18,702 - INFO - train数据集预处理完成，清洗后数据量: 8000
2026-01-23 14:31:18,711 - INFO - 开始预处理test数据集，原始数据量: 2968
2026-01-23 14:31:18,794 - INFO - test数据集预处理完成，清洗后数据量: 2968
2026-01-23 14:31:19,421 - INFO - 已插入py_happiness_survey表第1批数据，共1000条记录
2026-01-23 14:31:19,547 - INFO - 已插入py_happiness_survey表第2批数据，共1000条记录
2026-01-23 14:31:19,616 - INFO - 已插入py_happiness_survey表第3批数据，共1000条记录
2026-01-23 14:31:19,869 - INFO - 已插入py_happiness_survey表第4批数据，共1000条记录
2026-01-23 14:31:19,933 - INFO - 已插入py_happiness_survey表第5批数据，共1000条记录
2026-01-23 14:31:19,998 - INFO - 已插入py_happiness_survey表第6批数据，共1000条记录
2026-01-23 14:31:20,067 - INFO - 已插入py_happiness_survey表第7批数据，共1000条记录
2026-01-23 14:31:20,130 - INFO - 已插入py_happiness_survey表第8批数据，共1000条记录
2026-01-23 14:31:20,196 - INFO - 已插入py_happiness_survey表第9批数据，共1000条记录
2026-01-23 14:31:20,259 - INFO - 已插入py_happiness_survey表第10批数据，共1000条记录
2026-01-23 14:31:20,319 - INFO - 已插入py_happiness_survey表第11批数据，共968条记录
2026-01-23 14:31:20,319 - INFO - 成功插入py_happiness_survey表总计10968条记录
2026-01-23 14:31:20,328 - INFO - 简化版数据导入完成
2026-01-23 14:31:20,330 - INFO - 开始导入完整版数据...
2026-01-23 14:31:20,357 - INFO - 已清空 py_happiness_survey_complete 表
2026-01-23 14:31:20,357 - INFO - 尝试使用 utf-8 编码读取完整版数据...
2026-01-23 14:31:20,387 - WARNING - utf-8 编码读取失败，继续尝试其他编码...
2026-01-23 14:31:20,388 - INFO - 尝试使用 gbk 编码读取完整版数据...
2026-01-23 14:31:20,451 - INFO - 成功使用 gbk 编码读取数据
2026-01-23 14:31:20,451 - INFO - 开始预处理完整版train数据集，原始数据量: 8000
2026-01-23 14:31:21,183 - INFO - 完整版train数据集预处理完成，清洗后数据量: 8000
2026-01-23 14:31:22,277 - ERROR - 插入py_happiness_survey_complete表失败: (1054, "Unknown column 'religion_freq' in 'field list'")
2026-01-23 14:31:22,277 - ERROR - 导入完整版数据失败: (1054, "Unknown column 'religion_freq' in 'field list'")
2026-01-23 14:31:22,277 - WARNING - 完整版数据导入失败，跳过: (1054, "Unknown column 'religion_freq' in 'field list'")
2026-01-23 14:31:22,293 - INFO - 开始创建额外的索引和约束...
2026-01-23 14:31:22,295 - WARNING - 执行失败 (可能已存在): CREATE INDEX IF NOT EXISTS idx_happiness_gender ON py_happiness_survey(happiness, gender); - (1064, "You have an error in your SQL syntax; check the manual that corresponds to your MySQL server version for the right syntax to use near 'IF NOT EXISTS idx_happiness_gender ON py_happiness_survey(happiness, gender)' at line 1")
2026-01-23 14:31:22,295 - WARNING - 执行失败 (可能已存在): CREATE INDEX IF NOT EXISTS idx_province_city ON py_happiness_survey(province, city); - (1064, "You have an error in your SQL syntax; check the manual that corresponds to your MySQL server version for the right syntax to use near 'IF NOT EXISTS idx_province_city ON py_happiness_survey(province, city)' at line 1")
2026-01-23 14:31:22,295 - WARNING - 执行失败 (可能已存在): CREATE INDEX IF NOT EXISTS idx_edu_income ON py_happiness_survey(edu, income); - (1064, "You have an error in your SQL syntax; check the manual that corresponds to your MySQL server version for the right syntax to use near 'IF NOT EXISTS idx_edu_income ON py_happiness_survey(edu, income)' at line 1")
2026-01-23 14:31:22,295 - WARNING - 执行失败 (可能已存在): CREATE INDEX IF NOT EXISTS idx_marital_status ON py_happiness_survey(marital); - (1064, "You have an error in your SQL syntax; check the manual that corresponds to your MySQL server version for the right syntax to use near 'IF NOT EXISTS idx_marital_status ON py_happiness_survey(marital)' at line 1")
2026-01-23 14:31:22,295 - WARNING - 执行失败 (可能已存在): CREATE INDEX IF NOT EXISTS idx_complete_happiness_gender ON py_happiness_survey_complete(happiness, gender); - (1064, "You have an error in your SQL syntax; check the manual that corresponds to your MySQL server version for the right syntax to use near 'IF NOT EXISTS idx_complete_happiness_gender ON py_happiness_survey_complete(happ' at line 1")
2026-01-23 14:31:22,296 - WARNING - 执行失败 (可能已存在): CREATE INDEX IF NOT EXISTS idx_complete_province_city ON py_happiness_survey_complete(province, city); - (1064, "You have an error in your SQL syntax; check the manual that corresponds to your MySQL server version for the right syntax to use near 'IF NOT EXISTS idx_complete_province_city ON py_happiness_survey_complete(provinc' at line 1")
2026-01-23 14:31:22,296 - WARNING - 执行失败 (可能已存在): CREATE INDEX IF NOT EXISTS idx_complete_edu_income ON py_happiness_survey_complete(edu, income); - (1064, "You have an error in your SQL syntax; check the manual that corresponds to your MySQL server version for the right syntax to use near 'IF NOT EXISTS idx_complete_edu_income ON py_happiness_survey_complete(edu, incom' at line 1")
2026-01-23 14:31:22,296 - WARNING - 执行失败 (可能已存在): CREATE INDEX IF NOT EXISTS idx_complete_marital ON py_happiness_survey_complete(marital); - (1064, "You have an error in your SQL syntax; check the manual that corresponds to your MySQL server version for the right syntax to use near 'IF NOT EXISTS idx_complete_marital ON py_happiness_survey_complete(marital)' at line 1")
2026-01-23 14:31:22,296 - INFO - 数据导入流程完成，总耗时: 3.87秒
2026-01-23 14:33:07,770 - INFO - 开始幸福感数据集导入流程...
2026-01-23 14:33:07,770 - INFO - 开始导入简化版数据...
2026-01-23 14:33:07,837 - INFO - 已清空 py_happiness_survey 表
2026-01-23 14:33:07,858 - INFO - 开始预处理train数据集，原始数据量: 8000
2026-01-23 14:33:08,073 - INFO - train数据集预处理完成，清洗后数据量: 8000
2026-01-23 14:33:08,084 - INFO - 开始预处理test数据集，原始数据量: 2968
2026-01-23 14:33:08,169 - INFO - test数据集预处理完成，清洗后数据量: 2968
2026-01-23 14:33:08,895 - INFO - 已插入py_happiness_survey表第1批数据，共1000条记录
2026-01-23 14:33:09,020 - INFO - 已插入py_happiness_survey表第2批数据，共1000条记录
2026-01-23 14:33:09,086 - INFO - 已插入py_happiness_survey表第3批数据，共1000条记录
2026-01-23 14:33:09,145 - INFO - 已插入py_happiness_survey表第4批数据，共1000条记录
2026-01-23 14:33:09,204 - INFO - 已插入py_happiness_survey表第5批数据，共1000条记录
2026-01-23 14:33:09,261 - INFO - 已插入py_happiness_survey表第6批数据，共1000条记录
2026-01-23 14:33:09,325 - INFO - 已插入py_happiness_survey表第7批数据，共1000条记录
2026-01-23 14:33:09,385 - INFO - 已插入py_happiness_survey表第8批数据，共1000条记录
2026-01-23 14:33:09,482 - INFO - 已插入py_happiness_survey表第9批数据，共1000条记录
2026-01-23 14:33:09,541 - INFO - 已插入py_happiness_survey表第10批数据，共1000条记录
2026-01-23 14:33:09,604 - INFO - 已插入py_happiness_survey表第11批数据，共968条记录
2026-01-23 14:33:09,604 - INFO - 成功插入py_happiness_survey表总计10968条记录
2026-01-23 14:33:09,609 - INFO - 简化版数据导入完成
2026-01-23 14:33:09,610 - INFO - 开始导入完整版数据...
2026-01-23 14:33:09,663 - INFO - 已清空 py_happiness_survey_complete 表
2026-01-23 14:33:09,663 - INFO - 尝试使用 utf-8 编码读取完整版数据...
2026-01-23 14:33:09,692 - WARNING - utf-8 编码读取失败，继续尝试其他编码...
2026-01-23 14:33:09,693 - INFO - 尝试使用 gbk 编码读取完整版数据...
2026-01-23 14:33:09,761 - INFO - 成功使用 gbk 编码读取数据
2026-01-23 14:33:09,761 - INFO - 开始预处理完整版train数据集，原始数据量: 8000
2026-01-23 14:33:10,439 - INFO - 完整版train数据集预处理完成，清洗后数据量: 8000
2026-01-23 14:33:11,533 - ERROR - 插入py_happiness_survey_complete表失败: (1054, "Unknown column 'religion_freq' in 'field list'")
2026-01-23 14:33:11,533 - ERROR - 导入完整版数据失败: (1054, "Unknown column 'religion_freq' in 'field list'")
2026-01-23 14:33:11,533 - WARNING - 完整版数据导入失败，跳过: (1054, "Unknown column 'religion_freq' in 'field list'")
2026-01-23 14:33:11,550 - INFO - 开始创建额外的索引和约束...
2026-01-23 14:33:11,573 - WARNING - 创建索引失败 idx_happiness_gender: 0
2026-01-23 14:33:11,574 - WARNING - 创建索引失败 idx_province_city: 0
2026-01-23 14:33:11,574 - WARNING - 创建索引失败 idx_edu_income: 0
2026-01-23 14:33:11,574 - WARNING - 创建索引失败 idx_marital_status: 0
2026-01-23 14:33:11,576 - WARNING - 创建索引失败 idx_complete_happiness_gender: 0
2026-01-23 14:33:11,576 - WARNING - 创建索引失败 idx_complete_province_city: 0
2026-01-23 14:33:11,576 - WARNING - 创建索引失败 idx_complete_edu_income: 0
2026-01-23 14:33:11,576 - WARNING - 创建索引失败 idx_complete_marital: 0
2026-01-23 14:33:11,576 - INFO - 数据导入流程完成，总耗时: 3.81秒
2026-01-23 14:35:25,894 - INFO - 开始幸福感数据集导入流程...
2026-01-23 14:35:25,894 - INFO - 开始导入简化版数据...
2026-01-23 14:35:25,935 - INFO - 已清空 py_happiness_survey 表
2026-01-23 14:35:25,958 - INFO - 开始预处理train数据集，原始数据量: 8000
2026-01-23 14:35:26,165 - INFO - train数据集预处理完成，清洗后数据量: 8000
2026-01-23 14:35:26,174 - INFO - 开始预处理test数据集，原始数据量: 2968
2026-01-23 14:35:26,252 - INFO - test数据集预处理完成，清洗后数据量: 2968
2026-01-23 14:35:26,865 - INFO - 已插入py_happiness_survey表第1批数据，共1000条记录
2026-01-23 14:35:27,001 - INFO - 已插入py_happiness_survey表第2批数据，共1000条记录
2026-01-23 14:35:27,065 - INFO - 已插入py_happiness_survey表第3批数据，共1000条记录
2026-01-23 14:35:27,125 - INFO - 已插入py_happiness_survey表第4批数据，共1000条记录
2026-01-23 14:35:27,181 - INFO - 已插入py_happiness_survey表第5批数据，共1000条记录
2026-01-23 14:35:27,238 - INFO - 已插入py_happiness_survey表第6批数据，共1000条记录
2026-01-23 14:35:27,304 - INFO - 已插入py_happiness_survey表第7批数据，共1000条记录
2026-01-23 14:35:27,364 - INFO - 已插入py_happiness_survey表第8批数据，共1000条记录
2026-01-23 14:35:27,428 - INFO - 已插入py_happiness_survey表第9批数据，共1000条记录
2026-01-23 14:35:27,492 - INFO - 已插入py_happiness_survey表第10批数据，共1000条记录
2026-01-23 14:35:27,549 - INFO - 已插入py_happiness_survey表第11批数据，共968条记录
2026-01-23 14:35:27,549 - INFO - 成功插入py_happiness_survey表总计10968条记录
2026-01-23 14:35:27,555 - INFO - 简化版数据导入完成
2026-01-23 14:35:27,556 - INFO - 开始导入完整版数据...
2026-01-23 14:35:27,584 - INFO - 已清空 py_happiness_survey_complete 表
2026-01-23 14:35:27,584 - INFO - 尝试使用 utf-8 编码读取完整版数据...
2026-01-23 14:35:27,614 - WARNING - utf-8 编码读取失败，继续尝试其他编码...
2026-01-23 14:35:27,614 - INFO - 尝试使用 gbk 编码读取完整版数据...
2026-01-23 14:35:27,682 - INFO - 成功使用 gbk 编码读取数据
2026-01-23 14:35:27,682 - INFO - 开始预处理完整版train数据集，原始数据量: 8000
2026-01-23 14:35:28,435 - INFO - 完整版train数据集预处理完成，清洗后数据量: 8000
2026-01-23 14:35:29,534 - ERROR - 插入py_happiness_survey_complete表失败: (1054, "Unknown column 'family_income' in 'field list'")
2026-01-23 14:35:29,534 - ERROR - 导入完整版数据失败: (1054, "Unknown column 'family_income' in 'field list'")
2026-01-23 14:35:29,534 - WARNING - 完整版数据导入失败，跳过: (1054, "Unknown column 'family_income' in 'field list'")
2026-01-23 14:35:29,550 - INFO - 开始创建额外的索引和约束...
2026-01-23 14:35:29,553 - WARNING - 创建索引失败 idx_happiness_gender: 0
2026-01-23 14:35:29,553 - WARNING - 创建索引失败 idx_province_city: 0
2026-01-23 14:35:29,553 - WARNING - 创建索引失败 idx_edu_income: 0
2026-01-23 14:35:29,554 - WARNING - 创建索引失败 idx_marital_status: 0
2026-01-23 14:35:29,554 - WARNING - 创建索引失败 idx_complete_happiness_gender: 0
2026-01-23 14:35:29,554 - WARNING - 创建索引失败 idx_complete_province_city: 0
2026-01-23 14:35:29,554 - WARNING - 创建索引失败 idx_complete_edu_income: 0
2026-01-23 14:35:29,554 - WARNING - 创建索引失败 idx_complete_marital: 0
2026-01-23 14:35:29,554 - INFO - 数据导入流程完成，总耗时: 3.66秒
2026-01-23 14:37:22,667 - INFO - 开始幸福感数据集导入流程...
2026-01-23 14:37:22,668 - INFO - 开始导入简化版数据...
2026-01-23 14:37:22,696 - INFO - 已清空 py_happiness_survey 表
2026-01-23 14:37:22,724 - INFO - 开始预处理train数据集，原始数据量: 8000
2026-01-23 14:37:22,949 - INFO - train数据集预处理完成，清洗后数据量: 8000
2026-01-23 14:37:22,959 - INFO - 开始预处理test数据集，原始数据量: 2968
2026-01-23 14:37:23,040 - INFO - test数据集预处理完成，清洗后数据量: 2968
2026-01-23 14:37:23,714 - INFO - 已插入py_happiness_survey表第1批数据，共1000条记录
2026-01-23 14:37:23,841 - INFO - 已插入py_happiness_survey表第2批数据，共1000条记录
2026-01-23 14:37:23,931 - INFO - 已插入py_happiness_survey表第3批数据，共1000条记录
2026-01-23 14:37:23,990 - INFO - 已插入py_happiness_survey表第4批数据，共1000条记录
2026-01-23 14:37:24,047 - INFO - 已插入py_happiness_survey表第5批数据，共1000条记录
2026-01-23 14:37:24,106 - INFO - 已插入py_happiness_survey表第6批数据，共1000条记录
2026-01-23 14:37:24,170 - INFO - 已插入py_happiness_survey表第7批数据，共1000条记录
2026-01-23 14:37:24,229 - INFO - 已插入py_happiness_survey表第8批数据，共1000条记录
2026-01-23 14:37:24,290 - INFO - 已插入py_happiness_survey表第9批数据，共1000条记录
2026-01-23 14:37:24,349 - INFO - 已插入py_happiness_survey表第10批数据，共1000条记录
2026-01-23 14:37:24,408 - INFO - 已插入py_happiness_survey表第11批数据，共968条记录
2026-01-23 14:37:24,408 - INFO - 成功插入py_happiness_survey表总计10968条记录
2026-01-23 14:37:24,414 - INFO - 简化版数据导入完成
2026-01-23 14:37:24,416 - INFO - 开始导入完整版数据...
2026-01-23 14:37:24,442 - INFO - 已清空 py_happiness_survey_complete 表
2026-01-23 14:37:24,442 - INFO - 尝试使用 utf-8 编码读取完整版数据...
2026-01-23 14:37:24,474 - WARNING - utf-8 编码读取失败，继续尝试其他编码...
2026-01-23 14:37:24,474 - INFO - 尝试使用 gbk 编码读取完整版数据...
2026-01-23 14:37:24,547 - INFO - 成功使用 gbk 编码读取数据
2026-01-23 14:37:24,547 - INFO - 开始预处理完整版train数据集，原始数据量: 8000
2026-01-23 14:37:25,472 - INFO - 完整版train数据集预处理完成，清洗后数据量: 8000
2026-01-23 14:37:28,706 - ERROR - 插入py_happiness_survey_complete表失败: (1054, "Unknown column 'minor_child' in 'field list'")
2026-01-23 14:37:28,707 - ERROR - 导入完整版数据失败: (1054, "Unknown column 'minor_child' in 'field list'")
2026-01-23 14:37:28,707 - WARNING - 完整版数据导入失败，跳过: (1054, "Unknown column 'minor_child' in 'field list'")
2026-01-23 14:37:28,739 - INFO - 开始创建额外的索引和约束...
2026-01-23 14:37:28,746 - WARNING - 创建索引失败 idx_happiness_gender: 0
2026-01-23 14:37:28,747 - WARNING - 创建索引失败 idx_province_city: 0
2026-01-23 14:37:28,748 - WARNING - 创建索引失败 idx_edu_income: 0
2026-01-23 14:37:28,748 - WARNING - 创建索引失败 idx_marital_status: 0
2026-01-23 14:37:28,750 - WARNING - 创建索引失败 idx_complete_happiness_gender: 0
2026-01-23 14:37:28,751 - WARNING - 创建索引失败 idx_complete_province_city: 0
2026-01-23 14:37:28,751 - WARNING - 创建索引失败 idx_complete_edu_income: 0
2026-01-23 14:37:28,752 - WARNING - 创建索引失败 idx_complete_marital: 0
2026-01-23 14:37:28,753 - INFO - 数据导入流程完成，总耗时: 6.09秒
2026-01-23 14:38:56,700 - INFO - 开始幸福感数据集导入流程...
2026-01-23 14:38:56,700 - INFO - 开始导入简化版数据...
2026-01-23 14:38:56,733 - INFO - 已清空 py_happiness_survey 表
2026-01-23 14:38:56,754 - INFO - 开始预处理train数据集，原始数据量: 8000
2026-01-23 14:38:56,960 - INFO - train数据集预处理完成，清洗后数据量: 8000
2026-01-23 14:38:56,969 - INFO - 开始预处理test数据集，原始数据量: 2968
2026-01-23 14:38:57,049 - INFO - test数据集预处理完成，清洗后数据量: 2968
2026-01-23 14:38:57,678 - INFO - 已插入py_happiness_survey表第1批数据，共1000条记录
2026-01-23 14:38:57,811 - INFO - 已插入py_happiness_survey表第2批数据，共1000条记录
2026-01-23 14:38:57,873 - INFO - 已插入py_happiness_survey表第3批数据，共1000条记录
2026-01-23 14:38:57,929 - INFO - 已插入py_happiness_survey表第4批数据，共1000条记录
2026-01-23 14:38:57,987 - INFO - 已插入py_happiness_survey表第5批数据，共1000条记录
2026-01-23 14:38:58,045 - INFO - 已插入py_happiness_survey表第6批数据，共1000条记录
2026-01-23 14:38:58,109 - INFO - 已插入py_happiness_survey表第7批数据，共1000条记录
2026-01-23 14:38:58,170 - INFO - 已插入py_happiness_survey表第8批数据，共1000条记录
2026-01-23 14:38:58,227 - INFO - 已插入py_happiness_survey表第9批数据，共1000条记录
2026-01-23 14:38:58,286 - INFO - 已插入py_happiness_survey表第10批数据，共1000条记录
2026-01-23 14:38:58,342 - INFO - 已插入py_happiness_survey表第11批数据，共968条记录
2026-01-23 14:38:58,342 - INFO - 成功插入py_happiness_survey表总计10968条记录
2026-01-23 14:38:58,348 - INFO - 简化版数据导入完成
2026-01-23 14:38:58,348 - INFO - 开始导入完整版数据...
2026-01-23 14:38:58,372 - INFO - 已清空 py_happiness_survey_complete 表
2026-01-23 14:38:58,372 - INFO - 尝试使用 utf-8 编码读取完整版数据...
2026-01-23 14:38:58,401 - WARNING - utf-8 编码读取失败，继续尝试其他编码...
2026-01-23 14:38:58,401 - INFO - 尝试使用 gbk 编码读取完整版数据...
2026-01-23 14:38:58,469 - INFO - 成功使用 gbk 编码读取数据
2026-01-23 14:38:58,469 - INFO - 开始预处理完整版train数据集，原始数据量: 8000
2026-01-23 14:38:59,170 - INFO - 完整版train数据集预处理完成，清洗后数据量: 8000
2026-01-23 14:39:00,278 - ERROR - 插入py_happiness_survey_complete表失败: (1054, "Unknown column 'minor_child' in 'field list'")
2026-01-23 14:39:00,278 - ERROR - 导入完整版数据失败: (1054, "Unknown column 'minor_child' in 'field list'")
2026-01-23 14:39:00,278 - WARNING - 完整版数据导入失败，跳过: (1054, "Unknown column 'minor_child' in 'field list'")
2026-01-23 14:39:00,296 - INFO - 开始创建额外的索引和约束...
2026-01-23 14:39:00,297 - WARNING - 创建索引失败 idx_happiness_gender: 0
2026-01-23 14:39:00,298 - WARNING - 创建索引失败 idx_province_city: 0
2026-01-23 14:39:00,298 - WARNING - 创建索引失败 idx_edu_income: 0
2026-01-23 14:39:00,298 - WARNING - 创建索引失败 idx_marital_status: 0
2026-01-23 14:39:00,298 - WARNING - 创建索引失败 idx_complete_happiness_gender: 0
2026-01-23 14:39:00,298 - WARNING - 创建索引失败 idx_complete_province_city: 0
2026-01-23 14:39:00,300 - WARNING - 创建索引失败 idx_complete_edu_income: 0
2026-01-23 14:39:00,300 - WARNING - 创建索引失败 idx_complete_marital: 0
2026-01-23 14:39:00,300 - INFO - 数据导入流程完成，总耗时: 3.60秒
2026-01-23 14:40:02,831 - INFO - 开始幸福感数据集导入流程...
2026-01-23 14:40:02,831 - INFO - 开始导入简化版数据...
2026-01-23 14:40:02,887 - INFO - 已清空 py_happiness_survey 表
2026-01-23 14:40:02,906 - INFO - 开始预处理train数据集，原始数据量: 8000
2026-01-23 14:40:03,107 - INFO - train数据集预处理完成，清洗后数据量: 8000
2026-01-23 14:40:03,116 - INFO - 开始预处理test数据集，原始数据量: 2968
2026-01-23 14:40:03,197 - INFO - test数据集预处理完成，清洗后数据量: 2968
2026-01-23 14:40:03,814 - INFO - 已插入py_happiness_survey表第1批数据，共1000条记录
2026-01-23 14:40:03,967 - INFO - 已插入py_happiness_survey表第2批数据，共1000条记录
2026-01-23 14:40:04,026 - INFO - 已插入py_happiness_survey表第3批数据，共1000条记录
2026-01-23 14:40:04,085 - INFO - 已插入py_happiness_survey表第4批数据，共1000条记录
2026-01-23 14:40:04,142 - INFO - 已插入py_happiness_survey表第5批数据，共1000条记录
2026-01-23 14:40:04,197 - INFO - 已插入py_happiness_survey表第6批数据，共1000条记录
2026-01-23 14:40:04,259 - INFO - 已插入py_happiness_survey表第7批数据，共1000条记录
2026-01-23 14:40:04,314 - INFO - 已插入py_happiness_survey表第8批数据，共1000条记录
2026-01-23 14:40:04,369 - INFO - 已插入py_happiness_survey表第9批数据，共1000条记录
2026-01-23 14:40:04,424 - INFO - 已插入py_happiness_survey表第10批数据，共1000条记录
2026-01-23 14:40:04,485 - INFO - 已插入py_happiness_survey表第11批数据，共968条记录
2026-01-23 14:40:04,485 - INFO - 成功插入py_happiness_survey表总计10968条记录
2026-01-23 14:40:04,490 - INFO - 简化版数据导入完成
2026-01-23 14:40:04,491 - INFO - 开始导入完整版数据...
2026-01-23 14:40:04,536 - INFO - 已清空 py_happiness_survey_complete 表
2026-01-23 14:40:04,536 - INFO - 尝试使用 utf-8 编码读取完整版数据...
2026-01-23 14:40:04,563 - WARNING - utf-8 编码读取失败，继续尝试其他编码...
2026-01-23 14:40:04,563 - INFO - 尝试使用 gbk 编码读取完整版数据...
2026-01-23 14:40:04,626 - INFO - 成功使用 gbk 编码读取数据
2026-01-23 14:40:04,626 - INFO - 开始预处理完整版train数据集，原始数据量: 8000
2026-01-23 14:40:05,288 - INFO - 映射前字段数: 141
2026-01-23 14:40:05,289 - INFO - 映射前示例字段: ['id', 'happiness', 'survey_type', 'province', 'city', 'county', 'survey_time', 'gender', 'birth', 'nationality']
2026-01-23 14:40:05,301 - INFO - 映射后字段数: 141
2026-01-23 14:40:05,301 - INFO - 映射后示例字段: ['id', 'happiness', 'surveyType', 'province', 'city', 'county', 'surveyTime', 'gender', 'birth', 'nationality']
2026-01-23 14:40:05,302 - WARNING - 仍有下划线字段未映射: ['minor_child']
2026-01-23 14:40:05,308 - INFO - 完整版train数据集预处理完成，清洗后数据量: 8000
2026-01-23 14:40:06,323 - ERROR - 插入py_happiness_survey_complete表失败: (1054, "Unknown column 'minor_child' in 'field list'")
2026-01-23 14:40:06,324 - ERROR - 导入完整版数据失败: (1054, "Unknown column 'minor_child' in 'field list'")
2026-01-23 14:40:06,324 - WARNING - 完整版数据导入失败，跳过: (1054, "Unknown column 'minor_child' in 'field list'")
2026-01-23 14:40:06,339 - INFO - 开始创建额外的索引和约束...
2026-01-23 14:40:06,341 - WARNING - 创建索引失败 idx_happiness_gender: 0
2026-01-23 14:40:06,341 - WARNING - 创建索引失败 idx_province_city: 0
2026-01-23 14:40:06,342 - WARNING - 创建索引失败 idx_edu_income: 0
2026-01-23 14:40:06,342 - WARNING - 创建索引失败 idx_marital_status: 0
2026-01-23 14:40:06,342 - WARNING - 创建索引失败 idx_complete_happiness_gender: 0
2026-01-23 14:40:06,343 - WARNING - 创建索引失败 idx_complete_province_city: 0
2026-01-23 14:40:06,343 - WARNING - 创建索引失败 idx_complete_edu_income: 0
2026-01-23 14:40:06,343 - WARNING - 创建索引失败 idx_complete_marital: 0
2026-01-23 14:40:06,343 - INFO - 数据导入流程完成，总耗时: 3.51秒
2026-01-23 14:42:03,337 - INFO - 开始幸福感数据集导入流程...
2026-01-23 14:42:03,337 - INFO - 开始导入简化版数据...
2026-01-23 14:42:03,368 - INFO - 已清空 py_happiness_survey 表
2026-01-23 14:42:03,392 - INFO - 开始预处理train数据集，原始数据量: 8000
2026-01-23 14:42:03,609 - INFO - train数据集预处理完成，清洗后数据量: 8000
2026-01-23 14:42:03,618 - INFO - 开始预处理test数据集，原始数据量: 2968
2026-01-23 14:42:03,705 - INFO - test数据集预处理完成，清洗后数据量: 2968
2026-01-23 14:42:04,349 - INFO - 已插入py_happiness_survey表第1批数据，共1000条记录
2026-01-23 14:42:04,482 - INFO - 已插入py_happiness_survey表第2批数据，共1000条记录
2026-01-23 14:42:04,553 - INFO - 已插入py_happiness_survey表第3批数据，共1000条记录
2026-01-23 14:42:04,612 - INFO - 已插入py_happiness_survey表第4批数据，共1000条记录
2026-01-23 14:42:04,674 - INFO - 已插入py_happiness_survey表第5批数据，共1000条记录
2026-01-23 14:42:04,736 - INFO - 已插入py_happiness_survey表第6批数据，共1000条记录
2026-01-23 14:42:04,801 - INFO - 已插入py_happiness_survey表第7批数据，共1000条记录
2026-01-23 14:42:04,861 - INFO - 已插入py_happiness_survey表第8批数据，共1000条记录
2026-01-23 14:42:04,919 - INFO - 已插入py_happiness_survey表第9批数据，共1000条记录
2026-01-23 14:42:04,985 - INFO - 已插入py_happiness_survey表第10批数据，共1000条记录
2026-01-23 14:42:05,053 - INFO - 已插入py_happiness_survey表第11批数据，共968条记录
2026-01-23 14:42:05,053 - INFO - 成功插入py_happiness_survey表总计10968条记录
2026-01-23 14:42:05,060 - INFO - 简化版数据导入完成
2026-01-23 14:42:05,062 - INFO - 开始导入完整版数据...
2026-01-23 14:42:05,104 - INFO - 已清空 py_happiness_survey_complete 表
2026-01-23 14:42:05,104 - INFO - 尝试使用 utf-8 编码读取完整版数据...
2026-01-23 14:42:05,137 - WARNING - utf-8 编码读取失败，继续尝试其他编码...
2026-01-23 14:42:05,137 - INFO - 尝试使用 gbk 编码读取完整版数据...
2026-01-23 14:42:05,211 - INFO - 成功使用 gbk 编码读取数据
2026-01-23 14:42:05,211 - INFO - 开始预处理完整版train数据集，原始数据量: 8000
2026-01-23 14:42:06,032 - INFO - 映射前字段数: 141
2026-01-23 14:42:06,032 - INFO - 映射前示例字段: ['id', 'happiness', 'survey_type', 'province', 'city', 'county', 'survey_time', 'gender', 'birth', 'nationality']
2026-01-23 14:42:06,052 - INFO - 映射后字段数: 141
2026-01-23 14:42:06,052 - INFO - 映射后示例字段: ['id', 'happiness', 'surveyType', 'province', 'city', 'county', 'surveyTime', 'gender', 'birth', 'nationality']
2026-01-23 14:42:06,061 - INFO - 完整版train数据集预处理完成，清洗后数据量: 8000
2026-01-23 14:42:07,664 - INFO - 已插入py_happiness_survey_complete表第1批数据，共1000条记录
2026-01-23 14:42:07,845 - INFO - 已插入py_happiness_survey_complete表第2批数据，共1000条记录
2026-01-23 14:42:08,035 - INFO - 已插入py_happiness_survey_complete表第3批数据，共1000条记录
2026-01-23 14:42:08,231 - INFO - 已插入py_happiness_survey_complete表第4批数据，共1000条记录
2026-01-23 14:42:08,436 - INFO - 已插入py_happiness_survey_complete表第5批数据，共1000条记录
2026-01-23 14:42:08,628 - INFO - 已插入py_happiness_survey_complete表第6批数据，共1000条记录
2026-01-23 14:42:08,897 - INFO - 已插入py_happiness_survey_complete表第7批数据，共1000条记录
2026-01-23 14:42:09,100 - INFO - 已插入py_happiness_survey_complete表第8批数据，共1000条记录
2026-01-23 14:42:09,100 - INFO - 成功插入py_happiness_survey_complete表总计8000条记录
2026-01-23 14:42:09,117 - INFO - 完整版数据导入完成
2026-01-23 14:42:09,119 - INFO - 开始创建额外的索引和约束...
2026-01-23 14:42:09,120 - WARNING - 创建索引失败 idx_happiness_gender: 0
2026-01-23 14:42:09,121 - WARNING - 创建索引失败 idx_province_city: 0
2026-01-23 14:42:09,121 - WARNING - 创建索引失败 idx_edu_income: 0
2026-01-23 14:42:09,121 - WARNING - 创建索引失败 idx_marital_status: 0
2026-01-23 14:42:09,121 - WARNING - 创建索引失败 idx_complete_happiness_gender: 0
2026-01-23 14:42:09,122 - WARNING - 创建索引失败 idx_complete_province_city: 0
2026-01-23 14:42:09,123 - WARNING - 创建索引失败 idx_complete_edu_income: 0
2026-01-23 14:42:09,123 - WARNING - 创建索引失败 idx_complete_marital: 0
2026-01-23 14:42:09,123 - INFO - 数据导入流程完成，总耗时: 5.79秒
2026-01-23 14:44:34,972 - INFO - 开始幸福感数据集导入流程...
2026-01-23 14:44:34,972 - INFO - 开始导入简化版数据...
2026-01-23 14:44:35,005 - INFO - 已清空 py_happiness_survey 表
2026-01-23 14:44:35,030 - INFO - 开始预处理train数据集，原始数据量: 8000
2026-01-23 14:44:35,254 - INFO - train数据集预处理完成，清洗后数据量: 8000
2026-01-23 14:44:35,265 - INFO - 开始预处理test数据集，原始数据量: 2968
2026-01-23 14:44:35,348 - INFO - test数据集预处理完成，清洗后数据量: 2968
2026-01-23 14:44:36,022 - INFO - 已插入py_happiness_survey表第1批数据，共1000条记录
2026-01-23 14:44:36,176 - INFO - 已插入py_happiness_survey表第2批数据，共1000条记录
2026-01-23 14:44:36,239 - INFO - 已插入py_happiness_survey表第3批数据，共1000条记录
2026-01-23 14:44:36,302 - INFO - 已插入py_happiness_survey表第4批数据，共1000条记录
2026-01-23 14:44:36,369 - INFO - 已插入py_happiness_survey表第5批数据，共1000条记录
2026-01-23 14:44:36,429 - INFO - 已插入py_happiness_survey表第6批数据，共1000条记录
2026-01-23 14:44:36,494 - INFO - 已插入py_happiness_survey表第7批数据，共1000条记录
2026-01-23 14:44:36,552 - INFO - 已插入py_happiness_survey表第8批数据，共1000条记录
2026-01-23 14:44:36,624 - INFO - 已插入py_happiness_survey表第9批数据，共1000条记录
2026-01-23 14:44:36,698 - INFO - 已插入py_happiness_survey表第10批数据，共1000条记录
2026-01-23 14:44:36,756 - INFO - 已插入py_happiness_survey表第11批数据，共968条记录
2026-01-23 14:44:36,756 - INFO - 成功插入py_happiness_survey表总计10968条记录
2026-01-23 14:44:36,762 - INFO - 简化版数据导入完成
2026-01-23 14:44:36,764 - INFO - 开始导入完整版数据...
2026-01-23 14:44:36,792 - INFO - 已清空 py_happiness_survey_complete 表
2026-01-23 14:44:36,792 - INFO - 尝试使用 utf-8 编码读取完整版数据...
2026-01-23 14:44:36,825 - WARNING - utf-8 编码读取失败，继续尝试其他编码...
2026-01-23 14:44:36,825 - INFO - 尝试使用 gbk 编码读取完整版数据...
2026-01-23 14:44:36,897 - INFO - 成功使用 gbk 编码读取数据
2026-01-23 14:44:36,898 - INFO - 开始预处理完整版train数据集，原始数据量: 8000
2026-01-23 14:44:37,646 - INFO - 完整版train数据集预处理完成，清洗后数据量: 8000
2026-01-23 14:44:38,927 - INFO - 已插入py_happiness_survey_complete表第1批数据，共1000条记录
2026-01-23 14:44:39,110 - INFO - 已插入py_happiness_survey_complete表第2批数据，共1000条记录
2026-01-23 14:44:39,290 - INFO - 已插入py_happiness_survey_complete表第3批数据，共1000条记录
2026-01-23 14:44:39,502 - INFO - 已插入py_happiness_survey_complete表第4批数据，共1000条记录
2026-01-23 14:44:39,682 - INFO - 已插入py_happiness_survey_complete表第5批数据，共1000条记录
2026-01-23 14:44:39,869 - INFO - 已插入py_happiness_survey_complete表第6批数据，共1000条记录
2026-01-23 14:44:40,078 - INFO - 已插入py_happiness_survey_complete表第7批数据，共1000条记录
2026-01-23 14:44:40,342 - INFO - 已插入py_happiness_survey_complete表第8批数据，共1000条记录
2026-01-23 14:44:40,342 - INFO - 成功插入py_happiness_survey_complete表总计8000条记录
2026-01-23 14:44:40,359 - INFO - 完整版数据导入完成
2026-01-23 14:44:40,361 - INFO - 开始创建额外的索引和约束...
2026-01-23 14:44:40,362 - WARNING - 创建索引失败 idx_happiness_gender: 0
2026-01-23 14:44:40,363 - WARNING - 创建索引失败 idx_province_city: 0
2026-01-23 14:44:40,363 - WARNING - 创建索引失败 idx_edu_income: 0
2026-01-23 14:44:40,363 - WARNING - 创建索引失败 idx_marital_status: 0
2026-01-23 14:44:40,363 - WARNING - 创建索引失败 idx_complete_happiness_gender: 0
2026-01-23 14:44:40,363 - WARNING - 创建索引失败 idx_complete_province_city: 0
2026-01-23 14:44:40,364 - WARNING - 创建索引失败 idx_complete_edu_income: 0
2026-01-23 14:44:40,364 - WARNING - 创建索引失败 idx_complete_marital: 0
2026-01-23 14:44:40,364 - INFO - 数据导入流程完成，总耗时: 5.39秒
2026-01-23 14:45:50,795 - INFO - 开始幸福感数据集导入流程...
2026-01-23 14:45:50,796 - INFO - 开始导入简化版数据...
2026-01-23 14:45:50,864 - INFO - 已清空 py_happiness_survey 表
2026-01-23 14:45:50,891 - INFO - 开始预处理train数据集，原始数据量: 8000
2026-01-23 14:45:51,106 - INFO - train数据集预处理完成，清洗后数据量: 8000
2026-01-23 14:45:51,117 - INFO - 开始预处理test数据集，原始数据量: 2968
2026-01-23 14:45:51,201 - INFO - test数据集预处理完成，清洗后数据量: 2968
2026-01-23 14:45:51,846 - INFO - 已插入py_happiness_survey表第1批数据，共1000条记录
2026-01-23 14:45:51,973 - INFO - 已插入py_happiness_survey表第2批数据，共1000条记录
2026-01-23 14:45:52,037 - INFO - 已插入py_happiness_survey表第3批数据，共1000条记录
2026-01-23 14:45:52,096 - INFO - 已插入py_happiness_survey表第4批数据，共1000条记录
2026-01-23 14:45:52,150 - INFO - 已插入py_happiness_survey表第5批数据，共1000条记录
2026-01-23 14:45:52,208 - INFO - 已插入py_happiness_survey表第6批数据，共1000条记录
2026-01-23 14:45:52,271 - INFO - 已插入py_happiness_survey表第7批数据，共1000条记录
2026-01-23 14:45:52,331 - INFO - 已插入py_happiness_survey表第8批数据，共1000条记录
2026-01-23 14:45:52,394 - INFO - 已插入py_happiness_survey表第9批数据，共1000条记录
2026-01-23 14:45:52,451 - INFO - 已插入py_happiness_survey表第10批数据，共1000条记录
2026-01-23 14:45:52,511 - INFO - 已插入py_happiness_survey表第11批数据，共968条记录
2026-01-23 14:45:52,511 - INFO - 成功插入py_happiness_survey表总计10968条记录
2026-01-23 14:45:52,516 - INFO - 简化版数据导入完成
2026-01-23 14:45:52,518 - INFO - 开始导入完整版数据...
2026-01-23 14:45:52,552 - INFO - 已清空 py_happiness_survey_complete 表
2026-01-23 14:45:52,552 - INFO - 尝试使用 utf-8 编码读取完整版数据...
2026-01-23 14:45:52,584 - WARNING - utf-8 编码读取失败，继续尝试其他编码...
2026-01-23 14:45:52,585 - INFO - 尝试使用 gbk 编码读取完整版数据...
2026-01-23 14:45:52,660 - INFO - 成功使用 gbk 编码读取数据
2026-01-23 14:45:52,660 - INFO - 开始预处理完整版train数据集，原始数据量: 8000
2026-01-23 14:45:53,398 - INFO - 完整版train数据集预处理完成，清洗后数据量: 8000
2026-01-23 14:45:54,664 - INFO - 已插入py_happiness_survey_complete表第1批数据，共1000条记录
2026-01-23 14:45:54,860 - INFO - 已插入py_happiness_survey_complete表第2批数据，共1000条记录
2026-01-23 14:45:55,086 - INFO - 已插入py_happiness_survey_complete表第3批数据，共1000条记录
2026-01-23 14:45:55,270 - INFO - 已插入py_happiness_survey_complete表第4批数据，共1000条记录
2026-01-23 14:45:55,463 - INFO - 已插入py_happiness_survey_complete表第5批数据，共1000条记录
2026-01-23 14:45:55,645 - INFO - 已插入py_happiness_survey_complete表第6批数据，共1000条记录
2026-01-23 14:45:55,834 - INFO - 已插入py_happiness_survey_complete表第7批数据，共1000条记录
2026-01-23 14:45:56,153 - INFO - 已插入py_happiness_survey_complete表第8批数据，共1000条记录
2026-01-23 14:45:56,153 - INFO - 成功插入py_happiness_survey_complete表总计8000条记录
2026-01-23 14:45:56,170 - INFO - 完整版数据导入完成
2026-01-23 14:45:56,173 - INFO - 开始创建额外的索引和约束...
2026-01-23 14:45:56,176 - INFO - 索引 idx_happiness_gender 已存在，跳过
2026-01-23 14:45:56,176 - INFO - 索引 idx_province_city 已存在，跳过
2026-01-23 14:45:56,176 - INFO - 索引 idx_edu_income 已存在，跳过
2026-01-23 14:45:56,177 - INFO - 索引 idx_marital_status 已存在，跳过
2026-01-23 14:45:56,178 - INFO - 索引 idx_complete_happiness_gender 已存在，跳过
2026-01-23 14:45:56,178 - INFO - 索引 idx_complete_province_city 已存在，跳过
2026-01-23 14:45:56,179 - INFO - 索引 idx_complete_edu_income 已存在，跳过
2026-01-23 14:45:56,179 - INFO - 索引 idx_complete_marital 已存在，跳过
2026-01-23 14:45:56,179 - INFO - 数据导入流程完成，总耗时: 5.38秒
2026-01-23 14:49:25,253 - INFO - 开始幸福感数据集导入流程...
2026-01-23 14:49:25,254 - INFO - 开始导入简化版数据...
2026-01-23 14:49:25,351 - INFO - 已清空 py_happiness_survey 表
2026-01-23 14:49:25,373 - INFO - 开始预处理train数据集，原始数据量: 8000
2026-01-23 14:49:25,583 - INFO - train数据集预处理完成，清洗后数据量: 8000
2026-01-23 14:49:25,591 - INFO - 开始预处理test数据集，原始数据量: 2968
2026-01-23 14:49:25,679 - INFO - test数据集预处理完成，清洗后数据量: 2968
2026-01-23 14:49:26,476 - INFO - 已插入py_happiness_survey表第1批数据，共1000条记录
2026-01-23 14:49:26,604 - INFO - 已插入py_happiness_survey表第2批数据，共1000条记录
2026-01-23 14:49:26,665 - INFO - 已插入py_happiness_survey表第3批数据，共1000条记录
2026-01-23 14:49:26,721 - INFO - 已插入py_happiness_survey表第4批数据，共1000条记录
2026-01-23 14:49:26,778 - INFO - 已插入py_happiness_survey表第5批数据，共1000条记录
2026-01-23 14:49:26,834 - INFO - 已插入py_happiness_survey表第6批数据，共1000条记录
2026-01-23 14:49:26,904 - INFO - 已插入py_happiness_survey表第7批数据，共1000条记录
2026-01-23 14:49:26,964 - INFO - 已插入py_happiness_survey表第8批数据，共1000条记录
2026-01-23 14:49:27,023 - INFO - 已插入py_happiness_survey表第9批数据，共1000条记录
2026-01-23 14:49:27,087 - INFO - 已插入py_happiness_survey表第10批数据，共1000条记录
2026-01-23 14:49:27,147 - INFO - 已插入py_happiness_survey表第11批数据，共968条记录
2026-01-23 14:49:27,147 - INFO - 成功插入py_happiness_survey表总计10968条记录
2026-01-23 14:49:27,155 - INFO - 简化版数据导入完成
2026-01-23 14:49:27,156 - INFO - 开始导入完整版数据...
2026-01-23 14:49:27,181 - INFO - 已清空 py_happiness_survey_complete 表
2026-01-23 14:49:27,181 - INFO - 尝试使用 utf-8 编码读取完整版数据...
2026-01-23 14:49:27,209 - WARNING - utf-8 编码读取失败，继续尝试其他编码...
2026-01-23 14:49:27,209 - INFO - 尝试使用 gbk 编码读取完整版数据...
2026-01-23 14:49:27,280 - INFO - 成功使用 gbk 编码读取数据
2026-01-23 14:49:27,280 - INFO - 开始预处理完整版train数据集，原始数据量: 8000
2026-01-23 14:49:28,007 - INFO - 完整版train数据集预处理完成，清洗后数据量: 8000
2026-01-23 14:49:29,274 - INFO - 已插入py_happiness_survey_complete表第1批数据，共1000条记录
2026-01-23 14:49:29,492 - INFO - 已插入py_happiness_survey_complete表第2批数据，共1000条记录
2026-01-23 14:49:29,769 - INFO - 已插入py_happiness_survey_complete表第3批数据，共1000条记录
2026-01-23 14:49:30,025 - INFO - 已插入py_happiness_survey_complete表第4批数据，共1000条记录
2026-01-23 14:49:30,248 - INFO - 已插入py_happiness_survey_complete表第5批数据，共1000条记录
2026-01-23 14:49:30,480 - INFO - 已插入py_happiness_survey_complete表第6批数据，共1000条记录
2026-01-23 14:49:30,680 - INFO - 已插入py_happiness_survey_complete表第7批数据，共1000条记录
2026-01-23 14:49:30,865 - INFO - 已插入py_happiness_survey_complete表第8批数据，共1000条记录
2026-01-23 14:49:30,865 - INFO - 成功插入py_happiness_survey_complete表总计8000条记录
2026-01-23 14:49:30,879 - INFO - 完整版数据导入完成
2026-01-23 14:49:30,881 - INFO - 开始创建额外的索引和约束...
2026-01-23 14:49:30,901 - INFO - 索引 idx_happiness_gender 已存在，跳过
2026-01-23 14:49:30,901 - INFO - 索引 idx_province_city 已存在，跳过
2026-01-23 14:49:30,903 - INFO - 索引 idx_edu_income 已存在，跳过
2026-01-23 14:49:30,903 - INFO - 索引 idx_marital_status 已存在，跳过
2026-01-23 14:49:30,904 - INFO - 索引 idx_complete_happiness_gender 已存在，跳过
2026-01-23 14:49:30,905 - INFO - 索引 idx_complete_province_city 已存在，跳过
2026-01-23 14:49:30,905 - INFO - 索引 idx_complete_edu_income 已存在，跳过
2026-01-23 14:49:30,906 - INFO - 索引 idx_complete_marital 已存在，跳过
2026-01-23 14:49:30,906 - INFO - 数据导入流程完成，总耗时: 5.65秒
2026-02-12 11:40:34,931 - INFO - 开始幸福感数据集导入流程...
2026-02-12 11:40:34,931 - INFO - 开始导入简化版数据...
2026-02-12 11:40:34,965 - INFO - 已清空 py_happiness_survey 表
2026-02-12 11:40:34,988 - INFO - 开始预处理train数据集，原始数据量: 8000
2026-02-12 11:40:35,136 - INFO - train数据集预处理完成，清洗后数据量: 8000
2026-02-12 11:40:35,144 - INFO - 开始预处理test数据集，原始数据量: 2968
2026-02-12 11:40:35,197 - INFO - test数据集预处理完成，清洗后数据量: 2968
2026-02-12 11:40:35,670 - INFO - 已插入py_happiness_survey表第1批数据，共1000条记录
2026-02-12 11:40:35,736 - INFO - 已插入py_happiness_survey表第2批数据，共1000条记录
2026-02-12 11:40:35,791 - INFO - 已插入py_happiness_survey表第3批数据，共1000条记录
2026-02-12 11:40:35,846 - INFO - 已插入py_happiness_survey表第4批数据，共1000条记录
2026-02-12 11:40:35,902 - INFO - 已插入py_happiness_survey表第5批数据，共1000条记录
2026-02-12 11:40:35,955 - INFO - 已插入py_happiness_survey表第6批数据，共1000条记录
2026-02-12 11:40:36,008 - INFO - 已插入py_happiness_survey表第7批数据，共1000条记录
2026-02-12 11:40:36,063 - INFO - 已插入py_happiness_survey表第8批数据，共1000条记录
2026-02-12 11:40:36,117 - INFO - 已插入py_happiness_survey表第9批数据，共1000条记录
2026-02-12 11:40:36,172 - INFO - 已插入py_happiness_survey表第10批数据，共1000条记录
2026-02-12 11:40:36,224 - INFO - 已插入py_happiness_survey表第11批数据，共968条记录
2026-02-12 11:40:36,224 - INFO - 成功插入py_happiness_survey表总计10968条记录
2026-02-12 11:40:36,238 - INFO - 简化版数据导入完成
2026-02-12 11:40:36,239 - INFO - 开始导入完整版数据...
2026-02-12 11:40:36,253 - INFO - 已清空 py_happiness_survey_complete 表
2026-02-12 11:40:36,253 - INFO - 读取完整版训练数据...
2026-02-12 11:40:36,281 - ERROR - 导入完整版数据失败: 'utf-8' codec can't decode byte 0xce in position 0: invalid continuation byte
2026-02-12 11:40:36,282 - WARNING - 完整版数据导入失败，跳过: 'utf-8' codec can't decode byte 0xce in position 0: invalid continuation byte
2026-02-12 11:40:36,282 - INFO - 开始创建额外的索引和约束...
2026-02-12 11:40:36,285 - INFO - 索引 idx_happiness_gender 已存在，跳过
2026-02-12 11:40:36,285 - INFO - 索引 idx_province_city 已存在，跳过
2026-02-12 11:40:36,286 - INFO - 索引 idx_edu_income 已存在，跳过
2026-02-12 11:40:36,286 - INFO - 索引 idx_marital_status 已存在，跳过
2026-02-12 11:40:36,288 - INFO - 索引 idx_complete_happiness_gender 已存在，跳过
2026-02-12 11:40:36,289 - INFO - 索引 idx_complete_province_city 已存在，跳过
2026-02-12 11:40:36,289 - INFO - 索引 idx_complete_edu_income 已存在，跳过
2026-02-12 11:40:36,289 - INFO - 索引 idx_complete_marital 已存在，跳过
2026-02-12 11:40:36,289 - INFO - 数据导入流程完成，总耗时: 1.36秒
2026-02-12 11:44:14,024 - INFO - 开始幸福感数据集导入流程...
2026-02-12 11:44:14,024 - INFO - 开始导入简化版数据...
2026-02-12 11:44:14,051 - INFO - 已清空 py_happiness_survey 表
2026-02-12 11:44:14,075 - INFO - 开始预处理train数据集，原始数据量: 8000
2026-02-12 11:44:14,227 - INFO - train数据集预处理完成，清洗后数据量: 8000
2026-02-12 11:44:14,236 - INFO - 开始预处理test数据集，原始数据量: 2968
2026-02-12 11:44:14,292 - INFO - test数据集预处理完成，清洗后数据量: 2968
2026-02-12 11:44:14,782 - INFO - 已插入py_happiness_survey表第1批数据，共1000条记录
2026-02-12 11:44:14,844 - INFO - 已插入py_happiness_survey表第2批数据，共1000条记录
2026-02-12 11:44:14,898 - INFO - 已插入py_happiness_survey表第3批数据，共1000条记录
2026-02-12 11:44:14,952 - INFO - 已插入py_happiness_survey表第4批数据，共1000条记录
2026-02-12 11:44:15,007 - INFO - 已插入py_happiness_survey表第5批数据，共1000条记录
2026-02-12 11:44:15,059 - INFO - 已插入py_happiness_survey表第6批数据，共1000条记录
2026-02-12 11:44:15,115 - INFO - 已插入py_happiness_survey表第7批数据，共1000条记录
2026-02-12 11:44:15,169 - INFO - 已插入py_happiness_survey表第8批数据，共1000条记录
2026-02-12 11:44:15,226 - INFO - 已插入py_happiness_survey表第9批数据，共1000条记录
2026-02-12 11:44:15,280 - INFO - 已插入py_happiness_survey表第10批数据，共1000条记录
2026-02-12 11:44:15,334 - INFO - 已插入py_happiness_survey表第11批数据，共968条记录
2026-02-12 11:44:15,334 - INFO - 成功插入py_happiness_survey表总计10968条记录
2026-02-12 11:44:15,348 - INFO - 简化版数据导入完成
2026-02-12 11:44:15,349 - INFO - 开始导入完整版数据...
2026-02-12 11:44:15,360 - INFO - 已清空 py_happiness_survey_complete 表
2026-02-12 11:44:15,360 - INFO - 读取完整版训练数据...
2026-02-12 11:44:15,392 - ERROR - 导入完整版数据失败: 'utf-8' codec can't decode byte 0xce in position 0: invalid continuation byte
2026-02-12 11:44:15,392 - WARNING - 完整版数据导入失败，跳过: 'utf-8' codec can't decode byte 0xce in position 0: invalid continuation byte
2026-02-12 11:44:15,392 - INFO - 开始创建额外的索引和约束...
2026-02-12 11:44:15,394 - INFO - 索引 idx_happiness_gender 已存在，跳过
2026-02-12 11:44:15,394 - INFO - 索引 idx_province_city 已存在，跳过
2026-02-12 11:44:15,395 - INFO - 索引 idx_edu_income 已存在，跳过
2026-02-12 11:44:15,395 - INFO - 索引 idx_marital_status 已存在，跳过
2026-02-12 11:44:15,398 - INFO - 索引 idx_complete_happiness_gender 已存在，跳过
2026-02-12 11:44:15,398 - INFO - 索引 idx_complete_province_city 已存在，跳过
2026-02-12 11:44:15,398 - INFO - 索引 idx_complete_edu_income 已存在，跳过
2026-02-12 11:44:15,399 - INFO - 索引 idx_complete_marital 已存在，跳过
2026-02-12 11:44:15,399 - INFO - 数据导入流程完成，总耗时: 1.38秒
2026-02-12 11:58:47,152 - INFO - 开始幸福感数据集导入流程...
2026-02-12 11:58:47,152 - INFO - 开始导入简化版数据...
2026-02-12 11:58:47,175 - INFO - 已清空 py_happiness_survey 表
2026-02-12 11:58:47,197 - INFO - 开始预处理train数据集，原始数据量: 8000
2026-02-12 11:58:47,341 - INFO - train数据集预处理完成，清洗后数据量: 8000
2026-02-12 11:58:47,349 - INFO - 开始预处理test数据集，原始数据量: 2968
2026-02-12 11:58:47,403 - INFO - test数据集预处理完成，清洗后数据量: 2968
2026-02-12 11:58:47,888 - INFO - 已插入py_happiness_survey_complete表第1批数据，共1000条记录
2026-02-12 11:58:47,956 - INFO - 已插入py_happiness_survey_complete表第2批数据，共1000条记录
2026-02-12 11:58:48,015 - INFO - 已插入py_happiness_survey_complete表第3批数据，共1000条记录
2026-02-12 11:58:48,076 - INFO - 已插入py_happiness_survey_complete表第4批数据，共1000条记录
2026-02-12 11:58:48,135 - INFO - 已插入py_happiness_survey_complete表第5批数据，共1000条记录
2026-02-12 11:58:48,193 - INFO - 已插入py_happiness_survey_complete表第6批数据，共1000条记录
2026-02-12 11:58:48,253 - INFO - 已插入py_happiness_survey_complete表第7批数据，共1000条记录
2026-02-12 11:58:48,315 - INFO - 已插入py_happiness_survey_complete表第8批数据，共1000条记录
2026-02-12 11:58:48,376 - INFO - 已插入py_happiness_survey_complete表第9批数据，共1000条记录
2026-02-12 11:58:48,437 - INFO - 已插入py_happiness_survey_complete表第10批数据，共1000条记录
2026-02-12 11:58:48,496 - INFO - 已插入py_happiness_survey_complete表第11批数据，共968条记录
2026-02-12 11:58:48,496 - INFO - 成功插入py_happiness_survey_complete表总计10968条记录
2026-02-12 11:58:48,510 - INFO - 简化版数据导入完成
2026-02-12 11:58:48,511 - INFO - 开始导入完整版数据...
2026-02-12 11:58:48,525 - INFO - 已清空 py_happiness_survey_complete 表
2026-02-12 11:58:48,525 - INFO - 读取完整版训练数据...
2026-02-12 11:58:48,556 - ERROR - 导入完整版数据失败: 'utf-8' codec can't decode byte 0xce in position 0: invalid continuation byte
2026-02-12 11:58:48,556 - WARNING - 完整版数据导入失败，跳过: 'utf-8' codec can't decode byte 0xce in position 0: invalid continuation byte
2026-02-12 11:58:48,556 - INFO - 开始创建额外的索引和约束...
2026-02-12 11:58:48,560 - INFO - 索引 idx_happiness_gender 已存在，跳过
2026-02-12 11:58:48,560 - INFO - 索引 idx_province_city 已存在，跳过
2026-02-12 11:58:48,560 - INFO - 索引 idx_edu_income 已存在，跳过
2026-02-12 11:58:48,561 - INFO - 索引 idx_marital_status 已存在，跳过
2026-02-12 11:58:48,563 - INFO - 索引 idx_complete_happiness_gender 已存在，跳过
2026-02-12 11:58:48,563 - INFO - 索引 idx_complete_province_city 已存在，跳过
2026-02-12 11:58:48,563 - INFO - 索引 idx_complete_edu_income 已存在，跳过
2026-02-12 11:58:48,564 - INFO - 索引 idx_complete_marital 已存在，跳过
2026-02-12 11:58:48,564 - INFO - 数据导入流程完成，总耗时: 1.41秒
2026-02-12 11:58:49,081 - INFO - 开始幸福感数据集导入流程...
2026-02-12 11:58:49,081 - INFO - 开始导入简化版数据...
2026-02-12 11:58:49,100 - INFO - 已清空 py_happiness_survey 表
2026-02-12 11:58:49,121 - INFO - 开始预处理train数据集，原始数据量: 8000
2026-02-12 11:58:49,264 - INFO - train数据集预处理完成，清洗后数据量: 8000
2026-02-12 11:58:49,287 - INFO - 开始预处理test数据集，原始数据量: 2968
2026-02-12 11:58:49,417 - INFO - test数据集预处理完成，清洗后数据量: 2968
2026-02-12 11:58:49,969 - INFO - 已插入py_happiness_survey_complete表第1批数据，共1000条记录
2026-02-12 11:58:50,033 - INFO - 已插入py_happiness_survey_complete表第2批数据，共1000条记录
2026-02-12 11:58:50,089 - INFO - 已插入py_happiness_survey_complete表第3批数据，共1000条记录
2026-02-12 11:58:50,146 - INFO - 已插入py_happiness_survey_complete表第4批数据，共1000条记录
2026-02-12 11:58:50,204 - INFO - 已插入py_happiness_survey_complete表第5批数据，共1000条记录
2026-02-12 11:58:50,265 - INFO - 已插入py_happiness_survey_complete表第6批数据，共1000条记录
2026-02-12 11:58:50,323 - INFO - 已插入py_happiness_survey_complete表第7批数据，共1000条记录
2026-02-12 11:58:50,381 - INFO - 已插入py_happiness_survey_complete表第8批数据，共1000条记录
2026-02-12 11:58:50,439 - INFO - 已插入py_happiness_survey_complete表第9批数据，共1000条记录
2026-02-12 11:58:50,497 - INFO - 已插入py_happiness_survey_complete表第10批数据，共1000条记录
2026-02-12 11:58:50,552 - INFO - 已插入py_happiness_survey_complete表第11批数据，共968条记录
2026-02-12 11:58:50,552 - INFO - 成功插入py_happiness_survey_complete表总计10968条记录
2026-02-12 11:58:50,560 - INFO - 简化版数据导入完成
2026-02-12 11:58:50,561 - INFO - 开始导入完整版数据...
2026-02-12 11:58:50,570 - INFO - 已清空 py_happiness_survey_complete 表
2026-02-12 11:58:50,570 - INFO - 读取完整版训练数据...
2026-02-12 11:58:50,595 - ERROR - 导入完整版数据失败: 'utf-8' codec can't decode byte 0xce in position 0: invalid continuation byte
2026-02-12 11:58:50,595 - WARNING - 完整版数据导入失败，跳过: 'utf-8' codec can't decode byte 0xce in position 0: invalid continuation byte
2026-02-12 11:58:50,595 - INFO - 开始创建额外的索引和约束...
2026-02-12 11:58:50,598 - INFO - 索引 idx_happiness_gender 已存在，跳过
2026-02-12 11:58:50,599 - INFO - 索引 idx_province_city 已存在，跳过
2026-02-12 11:58:50,599 - INFO - 索引 idx_edu_income 已存在，跳过
2026-02-12 11:58:50,599 - INFO - 索引 idx_marital_status 已存在，跳过
2026-02-12 11:58:50,601 - INFO - 索引 idx_complete_happiness_gender 已存在，跳过
2026-02-12 11:58:50,601 - INFO - 索引 idx_complete_province_city 已存在，跳过
2026-02-12 11:58:50,602 - INFO - 索引 idx_complete_edu_income 已存在，跳过
2026-02-12 11:58:50,602 - INFO - 索引 idx_complete_marital 已存在，跳过
2026-02-12 11:58:50,602 - INFO - 数据导入流程完成，总耗时: 1.52秒
2026-02-12 11:59:59,035 - INFO - 开始幸福感数据集导入流程...
2026-02-12 11:59:59,035 - INFO - 开始导入简化版数据...
2026-02-12 11:59:59,053 - INFO - 已清空 py_happiness_survey 表
2026-02-12 11:59:59,074 - INFO - 开始预处理train数据集，原始数据量: 8000
2026-02-12 11:59:59,220 - INFO - train数据集预处理完成，清洗后数据量: 8000
2026-02-12 11:59:59,228 - INFO - 开始预处理test数据集，原始数据量: 2968
2026-02-12 11:59:59,281 - INFO - test数据集预处理完成，清洗后数据量: 2968
2026-02-12 11:59:59,761 - INFO - 已插入py_happiness_survey_complete表第1批数据，共1000条记录
2026-02-12 11:59:59,826 - INFO - 已插入py_happiness_survey_complete表第2批数据，共1000条记录
2026-02-12 11:59:59,890 - INFO - 已插入py_happiness_survey_complete表第3批数据，共1000条记录
2026-02-12 12:00:00,363 - INFO - 开始幸福感数据集导入流程...
2026-02-12 12:00:00,363 - INFO - 开始导入简化版数据...
2026-02-12 12:00:00,384 - INFO - 已清空 py_happiness_survey 表
2026-02-12 12:00:00,403 - INFO - 开始预处理train数据集，原始数据量: 8000
2026-02-12 12:00:00,543 - INFO - train数据集预处理完成，清洗后数据量: 8000
2026-02-12 12:00:00,550 - INFO - 开始预处理test数据集，原始数据量: 2968
2026-02-12 12:00:00,602 - INFO - test数据集预处理完成，清洗后数据量: 2968
2026-02-12 12:00:01,075 - ERROR - 插入py_happiness_survey_complete表失败: (1062, "Duplicate entry '1' for key 'py_happiness_survey_complete.PRIMARY'")
2026-02-12 12:00:01,075 - ERROR - 导入简化版数据失败: (1062, "Duplicate entry '1' for key 'py_happiness_survey_complete.PRIMARY'")
2026-02-12 12:00:01,075 - ERROR - 数据导入流程失败: (1062, "Duplicate entry '1' for key 'py_happiness_survey_complete.PRIMARY'")
2026-02-12 12:34:13,502 - INFO - 开始幸福感数据集导入流程...
2026-02-12 12:34:13,502 - INFO - 开始导入简化版数据...
2026-02-12 12:34:13,527 - INFO - 已清空 py_happiness_survey 表
2026-02-12 12:34:13,545 - INFO - 开始预处理train数据集，原始数据量: 8000
2026-02-12 12:34:13,686 - INFO - train数据集预处理完成，清洗后数据量: 8000
2026-02-12 12:34:13,694 - INFO - 开始预处理test数据集，原始数据量: 2968
2026-02-12 12:34:13,747 - INFO - test数据集预处理完成，清洗后数据量: 2968
2026-02-12 12:34:14,193 - ERROR - 插入py_happiness_survey_complete表失败: (1062, "Duplicate entry '1' for key 'py_happiness_survey_complete.PRIMARY'")
2026-02-12 12:34:14,193 - ERROR - 导入简化版数据失败: (1062, "Duplicate entry '1' for key 'py_happiness_survey_complete.PRIMARY'")
2026-02-12 12:34:14,193 - ERROR - 数据导入流程失败: (1062, "Duplicate entry '1' for key 'py_happiness_survey_complete.PRIMARY'")
2026-02-12 12:36:42,426 - INFO - 开始幸福感数据集导入流程...
2026-02-12 12:36:42,427 - INFO - 开始导入简化版数据...
2026-02-12 12:36:42,447 - INFO - 已清空 py_happiness_survey 表
2026-02-12 12:36:42,469 - INFO - 开始预处理train数据集，原始数据量: 8000
2026-02-12 12:36:42,610 - INFO - train数据集预处理完成，清洗后数据量: 8000
2026-02-12 12:36:42,618 - INFO - 开始预处理test数据集，原始数据量: 2968
2026-02-12 12:36:42,670 - INFO - test数据集预处理完成，清洗后数据量: 2968
2026-02-12 12:36:43,160 - INFO - 已插入py_happiness_survey表第1批数据，共1000条记录
2026-02-12 12:36:43,224 - INFO - 已插入py_happiness_survey表第2批数据，共1000条记录
2026-02-12 12:36:43,281 - INFO - 已插入py_happiness_survey表第3批数据，共1000条记录
2026-02-12 12:36:43,337 - INFO - 已插入py_happiness_survey表第4批数据，共1000条记录
2026-02-12 12:36:43,393 - INFO - 已插入py_happiness_survey表第5批数据，共1000条记录
2026-02-12 12:36:43,449 - INFO - 已插入py_happiness_survey表第6批数据，共1000条记录
2026-02-12 12:36:43,502 - INFO - 已插入py_happiness_survey表第7批数据，共1000条记录
2026-02-12 12:36:43,556 - INFO - 已插入py_happiness_survey表第8批数据，共1000条记录
2026-02-12 12:36:43,610 - INFO - 已插入py_happiness_survey表第9批数据，共1000条记录
2026-02-12 12:36:43,663 - INFO - 已插入py_happiness_survey表第10批数据，共1000条记录
2026-02-12 12:36:43,714 - INFO - 已插入py_happiness_survey表第11批数据，共968条记录
2026-02-12 12:36:43,714 - INFO - 成功插入py_happiness_survey表总计10968条记录
2026-02-12 12:36:43,722 - INFO - 简化版数据导入完成
2026-02-12 12:36:43,723 - INFO - 开始导入完整版数据...
2026-02-12 12:36:43,735 - INFO - 已清空 py_happiness_survey_complete 表
2026-02-12 12:36:43,844 - INFO - 成功使用 gbk 编码读取完整版train集
2026-02-12 12:36:43,844 - INFO - 开始预处理完整版train数据集，原始数据量: 8000
2026-02-12 12:36:44,335 - INFO - 完整版train数据集预处理完成，清洗后数据量: 8000
2026-02-12 12:36:44,360 - INFO - 成功使用 gbk 编码读取完整版test集
2026-02-12 12:36:44,360 - INFO - 开始预处理完整版test数据集，原始数据量: 2968
2026-02-12 12:36:44,537 - INFO - 完整版test数据集预处理完成，清洗后数据量: 2968
2026-02-12 12:36:45,693 - INFO - 已插入py_happiness_survey_complete表第1批数据，共1000条记录
2026-02-12 12:36:45,835 - INFO - 已插入py_happiness_survey_complete表第2批数据，共1000条记录
2026-02-12 12:36:45,975 - INFO - 已插入py_happiness_survey_complete表第3批数据，共1000条记录
2026-02-12 12:36:46,115 - INFO - 已插入py_happiness_survey_complete表第4批数据，共1000条记录
2026-02-12 12:36:46,253 - INFO - 已插入py_happiness_survey_complete表第5批数据，共1000条记录
2026-02-12 12:36:46,389 - INFO - 已插入py_happiness_survey_complete表第6批数据，共1000条记录
2026-02-12 12:36:46,527 - INFO - 已插入py_happiness_survey_complete表第7批数据，共1000条记录
2026-02-12 12:36:46,669 - INFO - 已插入py_happiness_survey_complete表第8批数据，共1000条记录
2026-02-12 12:36:46,805 - INFO - 已插入py_happiness_survey_complete表第9批数据，共1000条记录
2026-02-12 12:36:46,941 - INFO - 已插入py_happiness_survey_complete表第10批数据，共1000条记录
2026-02-12 12:36:47,075 - INFO - 已插入py_happiness_survey_complete表第11批数据，共968条记录
2026-02-12 12:36:47,075 - INFO - 成功插入py_happiness_survey_complete表总计10968条记录
2026-02-12 12:36:47,120 - INFO - 完整版数据导入完成，总计条数: 10968
2026-02-12 12:36:47,125 - INFO - 开始创建额外的索引和约束...
2026-02-12 12:36:47,126 - INFO - 索引 idx_happiness_gender 已存在，跳过
2026-02-12 12:36:47,127 - INFO - 索引 idx_province_city 已存在，跳过
2026-02-12 12:36:47,127 - INFO - 索引 idx_edu_income 已存在，跳过
2026-02-12 12:36:47,127 - INFO - 索引 idx_marital_status 已存在，跳过
2026-02-12 12:36:47,128 - INFO - 索引 idx_complete_happiness_gender 已存在，跳过
2026-02-12 12:36:47,128 - INFO - 索引 idx_complete_province_city 已存在，跳过
2026-02-12 12:36:47,128 - INFO - 索引 idx_complete_edu_income 已存在，跳过
2026-02-12 12:36:47,129 - INFO - 索引 idx_complete_marital 已存在，跳过
2026-02-12 12:36:47,129 - INFO - 数据导入流程完成，总耗时: 4.70秒
2026-02-12 12:37:43,564 - INFO - 开始幸福感数据集导入流程...
2026-02-12 12:37:43,564 - INFO - 开始导入简化版数据...
2026-02-12 12:37:43,594 - INFO - 已清空 py_happiness_survey 表
2026-02-12 12:37:43,616 - INFO - 开始预处理train数据集，原始数据量: 8000
2026-02-12 12:37:43,766 - INFO - train数据集预处理完成，清洗后数据量: 8000
2026-02-12 12:37:43,775 - INFO - 开始预处理test数据集，原始数据量: 2968
2026-02-12 12:37:43,830 - INFO - test数据集预处理完成，清洗后数据量: 2968
2026-02-12 12:37:44,392 - INFO - 已插入py_happiness_survey表第1批数据，共1000条记录
2026-02-12 12:37:44,455 - INFO - 已插入py_happiness_survey表第2批数据，共1000条记录
2026-02-12 12:37:44,514 - INFO - 已插入py_happiness_survey表第3批数据，共1000条记录
2026-02-12 12:37:44,574 - INFO - 已插入py_happiness_survey表第4批数据，共1000条记录
2026-02-12 12:37:44,634 - INFO - 已插入py_happiness_survey表第5批数据，共1000条记录
2026-02-12 12:37:44,691 - INFO - 已插入py_happiness_survey表第6批数据，共1000条记录
2026-02-12 12:37:44,747 - INFO - 已插入py_happiness_survey表第7批数据，共1000条记录
2026-02-12 12:37:44,803 - INFO - 已插入py_happiness_survey表第8批数据，共1000条记录
2026-02-12 12:37:44,859 - INFO - 已插入py_happiness_survey表第9批数据，共1000条记录
2026-02-12 12:37:44,913 - INFO - 已插入py_happiness_survey表第10批数据，共1000条记录
2026-02-12 12:37:44,968 - INFO - 已插入py_happiness_survey表第11批数据，共968条记录
2026-02-12 12:37:44,968 - INFO - 成功插入py_happiness_survey表总计10968条记录
2026-02-12 12:37:44,979 - INFO - 简化版数据导入完成
2026-02-12 12:37:44,980 - INFO - 开始导入完整版数据...
2026-02-12 12:37:44,994 - INFO - 已清空 py_happiness_survey_complete 表
2026-02-12 12:37:45,074 - INFO - 成功使用 gbk 编码读取完整版train集
2026-02-12 12:37:45,074 - INFO - 开始预处理完整版train数据集，原始数据量: 8000
2026-02-12 12:37:45,573 - INFO - 完整版train数据集预处理完成，清洗后数据量: 8000
2026-02-12 12:37:45,604 - INFO - 成功使用 gbk 编码读取完整版test集
2026-02-12 12:37:45,604 - INFO - 开始预处理完整版test数据集，原始数据量: 2968
2026-02-12 12:37:45,790 - INFO - 完整版test数据集预处理完成，清洗后数据量: 2968
2026-02-12 12:37:46,982 - INFO - 已插入py_happiness_survey_complete表第1批数据，共1000条记录
2026-02-12 12:37:47,124 - INFO - 已插入py_happiness_survey_complete表第2批数据，共1000条记录
2026-02-12 12:37:47,267 - INFO - 已插入py_happiness_survey_complete表第3批数据，共1000条记录
2026-02-12 12:37:47,405 - INFO - 已插入py_happiness_survey_complete表第4批数据，共1000条记录
2026-02-12 12:37:47,542 - INFO - 已插入py_happiness_survey_complete表第5批数据，共1000条记录
2026-02-12 12:37:47,680 - INFO - 已插入py_happiness_survey_complete表第6批数据，共1000条记录
2026-02-12 12:37:47,820 - INFO - 已插入py_happiness_survey_complete表第7批数据，共1000条记录
2026-02-12 12:37:47,957 - INFO - 已插入py_happiness_survey_complete表第8批数据，共1000条记录
2026-02-12 12:37:48,099 - INFO - 已插入py_happiness_survey_complete表第9批数据，共1000条记录
2026-02-12 12:37:48,233 - INFO - 已插入py_happiness_survey_complete表第10批数据，共1000条记录
2026-02-12 12:37:48,367 - INFO - 已插入py_happiness_survey_complete表第11批数据，共968条记录
2026-02-12 12:37:48,367 - INFO - 成功插入py_happiness_survey_complete表总计10968条记录
2026-02-12 12:37:48,411 - INFO - 完整版数据导入完成，总计条数: 10968
2026-02-12 12:37:48,416 - INFO - 开始创建额外的索引和约束...
2026-02-12 12:37:48,418 - INFO - 索引 idx_happiness_gender 已存在，跳过
2026-02-12 12:37:48,418 - INFO - 索引 idx_province_city 已存在，跳过
2026-02-12 12:37:48,419 - INFO - 索引 idx_edu_income 已存在，跳过
2026-02-12 12:37:48,419 - INFO - 索引 idx_marital_status 已存在，跳过
2026-02-12 12:37:48,420 - INFO - 索引 idx_complete_happiness_gender 已存在，跳过
2026-02-12 12:37:48,420 - INFO - 索引 idx_complete_province_city 已存在，跳过
2026-02-12 12:37:48,420 - INFO - 索引 idx_complete_edu_income 已存在，跳过
2026-02-12 12:37:48,421 - INFO - 索引 idx_complete_marital 已存在，跳过
2026-02-12 12:37:48,421 - INFO - 数据导入流程完成，总耗时: 4.86秒
2026-02-12 12:37:54,279 - INFO - 开始幸福感数据集导入流程...
2026-02-12 12:37:54,279 - INFO - 开始导入简化版数据...
2026-02-12 12:37:54,309 - INFO - 已清空 py_happiness_survey 表
2026-02-12 12:37:54,329 - INFO - 开始预处理train数据集，原始数据量: 8000
2026-02-12 12:37:54,498 - INFO - train数据集预处理完成，清洗后数据量: 8000
2026-02-12 12:37:54,511 - INFO - 开始预处理test数据集，原始数据量: 2968
2026-02-12 12:37:54,578 - INFO - test数据集预处理完成，清洗后数据量: 2968
2026-02-12 12:37:55,064 - INFO - 已插入py_happiness_survey表第1批数据，共1000条记录
2026-02-12 12:37:55,160 - INFO - 已插入py_happiness_survey表第2批数据，共1000条记录
2026-02-12 12:37:55,220 - INFO - 已插入py_happiness_survey表第3批数据，共1000条记录
2026-02-12 12:37:55,277 - INFO - 已插入py_happiness_survey表第4批数据，共1000条记录
2026-02-12 12:37:55,333 - INFO - 已插入py_happiness_survey表第5批数据，共1000条记录
2026-02-12 12:37:55,419 - INFO - 已插入py_happiness_survey表第6批数据，共1000条记录
2026-02-12 12:37:55,489 - INFO - 已插入py_happiness_survey表第7批数据，共1000条记录
2026-02-12 12:37:55,553 - INFO - 已插入py_happiness_survey表第8批数据，共1000条记录
2026-02-12 12:37:55,609 - INFO - 已插入py_happiness_survey表第9批数据，共1000条记录
2026-02-12 12:37:55,664 - INFO - 已插入py_happiness_survey表第10批数据，共1000条记录
2026-02-12 12:37:55,719 - INFO - 已插入py_happiness_survey表第11批数据，共968条记录
2026-02-12 12:37:55,719 - INFO - 成功插入py_happiness_survey表总计10968条记录
2026-02-12 12:37:55,730 - INFO - 简化版数据导入完成
2026-02-12 12:37:55,731 - INFO - 开始导入完整版数据...
2026-02-12 12:37:55,743 - INFO - 已清空 py_happiness_survey_complete 表
2026-02-12 12:37:55,832 - INFO - 成功使用 gbk 编码读取完整版train集
2026-02-12 12:37:55,832 - INFO - 开始预处理完整版train数据集，原始数据量: 8000
2026-02-12 12:37:56,375 - INFO - 完整版train数据集预处理完成，清洗后数据量: 8000
2026-02-12 12:37:56,404 - INFO - 成功使用 gbk 编码读取完整版test集
2026-02-12 12:37:56,404 - INFO - 开始预处理完整版test数据集，原始数据量: 2968
2026-02-12 12:37:56,647 - INFO - 完整版test数据集预处理完成，清洗后数据量: 2968
2026-02-12 12:37:57,947 - INFO - 已插入py_happiness_survey_complete表第1批数据，共1000条记录
2026-02-12 12:37:58,088 - INFO - 已插入py_happiness_survey_complete表第2批数据，共1000条记录
2026-02-12 12:37:58,224 - INFO - 已插入py_happiness_survey_complete表第3批数据，共1000条记录
2026-02-12 12:37:58,358 - INFO - 已插入py_happiness_survey_complete表第4批数据，共1000条记录
2026-02-12 12:37:58,496 - INFO - 已插入py_happiness_survey_complete表第5批数据，共1000条记录
2026-02-12 12:37:58,635 - INFO - 已插入py_happiness_survey_complete表第6批数据，共1000条记录
2026-02-12 12:37:58,775 - INFO - 已插入py_happiness_survey_complete表第7批数据，共1000条记录
2026-02-12 12:37:58,911 - INFO - 已插入py_happiness_survey_complete表第8批数据，共1000条记录
2026-02-12 12:37:59,055 - INFO - 已插入py_happiness_survey_complete表第9批数据，共1000条记录
2026-02-12 12:37:59,191 - INFO - 已插入py_happiness_survey_complete表第10批数据，共1000条记录
2026-02-12 12:37:59,322 - INFO - 已插入py_happiness_survey_complete表第11批数据，共968条记录
2026-02-12 12:37:59,323 - INFO - 成功插入py_happiness_survey_complete表总计10968条记录
2026-02-12 12:37:59,365 - INFO - 完整版数据导入完成，总计条数: 10968
2026-02-12 12:37:59,369 - INFO - 开始创建额外的索引和约束...
2026-02-12 12:37:59,371 - INFO - 索引 idx_happiness_gender 已存在，跳过
2026-02-12 12:37:59,372 - INFO - 索引 idx_province_city 已存在，跳过
2026-02-12 12:37:59,372 - INFO - 索引 idx_edu_income 已存在，跳过
2026-02-12 12:37:59,372 - INFO - 索引 idx_marital_status 已存在，跳过
2026-02-12 12:37:59,373 - INFO - 索引 idx_complete_happiness_gender 已存在，跳过
2026-02-12 12:37:59,373 - INFO - 索引 idx_complete_province_city 已存在，跳过
2026-02-12 12:37:59,373 - INFO - 索引 idx_complete_edu_income 已存在，跳过
2026-02-12 12:37:59,374 - INFO - 索引 idx_complete_marital 已存在，跳过
2026-02-12 12:37:59,374 - INFO - 数据导入流程完成，总耗时: 5.09秒
2026-02-12 12:44:05,462 - INFO - 开始幸福感数据集导入流程...
2026-02-12 12:44:05,462 - INFO - 开始导入简化版数据...
2026-02-12 12:44:05,491 - INFO - 已清空 py_happiness_survey 表
2026-02-12 12:44:05,514 - INFO - 开始预处理train数据集，原始数据量: 8000
2026-02-12 12:44:05,520 - INFO - train数据集预处理完成，清洗后数据量: 8000
2026-02-12 12:44:05,530 - INFO - 开始预处理test数据集，原始数据量: 2968
2026-02-12 12:44:05,538 - INFO - test数据集预处理完成，清洗后数据量: 2968
2026-02-12 12:44:05,602 - ERROR - 插入py_happiness_survey表失败: (1054, "Unknown column 'religion_freq' in 'field list'")
2026-02-12 12:44:05,602 - ERROR - 导入简化版数据失败: (1054, "Unknown column 'religion_freq' in 'field list'")
2026-02-12 12:44:05,602 - ERROR - 数据导入流程失败: (1054, "Unknown column 'religion_freq' in 'field list'")
2026-02-12 12:52:15,448 - INFO - 开始幸福感数据集导入流程...
2026-02-12 12:52:15,448 - INFO - 开始导入简化版数据...
2026-02-12 12:52:15,491 - INFO - 开始预处理train数据集，原始数据量: 8000
2026-02-12 12:52:15,496 - INFO - train数据集预处理完成，清洗后数据量: 8000
2026-02-12 12:52:15,504 - INFO - 开始预处理test数据集，原始数据量: 2968
2026-02-12 12:52:15,507 - INFO - test数据集预处理完成，清洗后数据量: 2968
2026-02-12 12:52:15,570 - ERROR - 插入py_happiness_survey表失败: (1054, "Unknown column 'religion_freq' in 'field list'")
2026-02-12 12:52:15,570 - ERROR - 导入简化版数据失败: (1054, "Unknown column 'religion_freq' in 'field list'")
2026-02-12 12:52:15,570 - ERROR - 导入失败: (1054, "Unknown column 'religion_freq' in 'field list'")
2026-02-12 12:53:47,127 - INFO - 开始导入简化版数据...
2026-02-12 12:53:47,193 - ERROR - 导入失败: 0
2026-02-12 12:53:51,189 - INFO - 开始导入简化版数据...
2026-02-12 12:53:51,241 - ERROR - 导入失败: 0
2026-02-12 12:53:59,788 - INFO - 开始导入简化版数据...
2026-02-12 12:53:59,847 - ERROR - 导入失败: 0
2026-02-12 12:54:34,553 - INFO - 开始导入简化版数据...
2026-02-12 12:54:34,627 - ERROR - 导入最终失败: 0
2026-02-12 12:55:10,395 - INFO - 正在启动简化版导入...
2026-02-12 12:55:10,546 - INFO - 正在启动完整版导入...
2026-02-12 12:55:10,905 - INFO - 🎉 数据导入流程圆满完成！
2026-02-12 12:55:18,487 - INFO - 正在启动简化版导入...
2026-02-12 12:55:18,622 - INFO - 正在启动完整版导入...
2026-02-12 12:55:18,917 - INFO - 🎉 数据导入流程圆满完成！
2026-02-12 12:57:17,634 - INFO - 数据导入开始...
2026-02-12 12:57:17,634 - INFO - 开始导入简化版数据...
2026-02-12 12:57:17,692 - INFO - 开始预处理train数据集，原始数据量: 8000
2026-02-12 12:57:17,698 - INFO - train数据集预处理完成
2026-02-12 12:57:17,706 - INFO - 开始预处理test数据集，原始数据量: 2968
2026-02-12 12:57:17,709 - INFO - test数据集预处理完成
2026-02-12 12:57:17,779 - ERROR - 插入py_happiness_survey失败: (1054, "Unknown column 'religion_freq' in 'field list'")
2026-02-12 12:57:17,780 - ERROR - 简化版导入失败: (1054, "Unknown column 'religion_freq' in 'field list'")
2026-02-12 12:57:17,780 - ERROR - 流程中断: (1054, "Unknown column 'religion_freq' in 'field list'")
2026-02-12 12:58:18,711 - INFO - 开始导入简化版数据...
2026-02-12 12:58:18,761 - ERROR - 导入流程中断: 0
2026-02-12 12:58:47,466 - INFO - 开始导入简化版数据...
2026-02-12 12:58:47,994 - INFO - 成功向 py_happiness_survey 插入 10968 条数据
2026-02-12 12:58:47,995 - INFO - 开始导入完整版数据...
2026-02-12 12:58:48,094 - INFO - 读取完整版train成功 (编码: gbk)
2026-02-12 12:58:48,178 - INFO - 读取完整版test成功 (编码: gbk)
2026-02-12 12:58:49,580 - INFO - 成功向 py_happiness_survey_complete 插入 10968 条数据
2026-02-12 12:58:49,596 - INFO - 完整版总计导入: 10968 条
2026-02-12 12:58:49,599 - INFO - 🎉 导入全部圆满完成，耗时: 2.13s
2026-02-12 20:09:13,255 - INFO - 开始导入简化版数据...
2026-02-12 20:09:13,846 - INFO - 成功向 py_happiness_survey 插入 10968 条数据
2026-02-12 20:09:13,848 - INFO - 开始导入完整版数据...
2026-02-12 20:09:13,964 - INFO - 读取完整版train成功 (编码: gbk)
2026-02-12 20:09:14,014 - INFO - 读取完整版test成功 (编码: gbk)
2026-02-12 20:09:15,453 - INFO - 成功向 py_happiness_survey_complete 插入 10968 条数据
2026-02-12 20:09:15,469 - INFO - 完整版总计导入: 10968 条
2026-02-12 20:09:15,473 - INFO - 🎉 导入全部圆满完成，耗时: 2.22s
2026-02-12 20:10:40,255 - INFO - 开始导入简化版数据...
2026-02-12 20:10:40,891 - INFO - 成功向 py_happiness_survey 插入 10968 条数据
2026-02-12 20:10:40,894 - INFO - 开始导入完整版数据...
2026-02-12 20:10:40,995 - INFO - 读取完整版train成功 (编码: gbk)
2026-02-12 20:10:41,037 - INFO - 读取完整版test成功 (编码: gbk)
2026-02-12 20:10:42,421 - INFO - 成功向 py_happiness_survey_complete 插入 10968 条数据
2026-02-12 20:10:42,438 - INFO - 完整版总计导入: 10968 条
2026-02-12 20:10:42,441 - INFO - 🎉 导入流程全部圆满完成，耗时: 2.19s
2026-02-12 20:17:04,513 - ERROR - 导入流程中断: nan can not be used with MySQL
2026-02-12 20:18:02,347 - INFO - 成功向 py_happiness_survey 插入数据共 10968 条
2026-02-12 20:18:04,023 - INFO - 成功向 py_happiness_survey_complete 插入数据共 10968 条
2026-02-12 20:18:04,039 - INFO - 🎉 导入流程圆满完成，NaN 报错已彻底解决！
2026-02-12 20:20:15,720 - INFO - ========================================
2026-02-12 20:20:15,720 - INFO - 待插入表 py_happiness_survey 的详细分布:
2026-02-12 20:20:15,720 - INFO -  - 数据源 [train]: 8000 条
2026-02-12 20:20:15,720 - INFO -  - 数据源 [test]: 2968 条
2026-02-12 20:20:15,720 - INFO - ========================================
2026-02-12 20:20:16,361 - INFO - 插入完成：py_happiness_survey 共写入 10968 条记录
2026-02-12 20:20:16,488 - INFO - ========================================
2026-02-12 20:20:16,488 - INFO - 待插入表 py_happiness_survey_complete 的详细分布:
2026-02-12 20:20:16,488 - INFO -  - 数据源 [train]: 8000 条
2026-02-12 20:20:16,488 - INFO -  - 数据源 [test]: 2968 条
2026-02-12 20:20:16,488 - INFO - ========================================
2026-02-12 20:20:18,059 - INFO - 插入完成：py_happiness_survey_complete 共写入 10968 条记录
2026-02-12 20:20:18,077 - INFO - 🎉 数据导入流程圆满完成！
2026-02-12 20:37:11,367 - INFO - 正在处理 简化版 数据...
2026-02-12 20:37:11,417 - INFO - 成功读取文件: happiness_train_abbr.csv
2026-02-12 20:37:11,431 - INFO - 成功读取文件: happiness_test_abbr.csv
2026-02-12 20:37:11,433 - INFO - =============================================
2026-02-12 20:37:11,433 - INFO - 📊 准备入库统计 [py_happiness_survey]:
2026-02-12 20:37:11,433 - INFO -    -> 标签 'train': 8000 条
2026-02-12 20:37:11,433 - INFO -    -> 标签 'test': 2968 条
2026-02-12 20:37:11,433 - INFO - =============================================
2026-02-12 20:37:12,091 - INFO - ✅ 成功写入 py_happiness_survey，共 10968 条记录
2026-02-12 20:37:12,094 - INFO - 正在处理 完整版 数据...
2026-02-12 20:37:12,173 - INFO - 成功读取文件: happiness_train_complete.csv
2026-02-12 20:37:12,205 - INFO - 成功读取文件: happiness_test_complete.csv
2026-02-12 20:37:12,208 - INFO - =============================================
2026-02-12 20:37:12,208 - INFO - 📊 准备入库统计 [py_happiness_survey_complete]:
2026-02-12 20:37:12,208 - INFO -    -> 标签 'train': 8000 条
2026-02-12 20:37:12,208 - INFO -    -> 标签 'test': 2968 条
2026-02-12 20:37:12,208 - INFO - =============================================
2026-02-12 20:37:13,771 - INFO - ✅ 成功写入 py_happiness_survey_complete，共 10968 条记录
2026-02-12 20:37:13,788 - INFO - 🎉 恭喜！所有数据已根本性修复并入库。
2026-02-12 20:44:06,421 - INFO - 读取成功: happiness_train_abbr.csv
2026-02-12 20:44:06,435 - INFO - 读取成功: happiness_test_abbr.csv
2026-02-12 20:44:06,438 - INFO - ==================================================
2026-02-12 20:44:06,438 - INFO - 📊 准备写入数据库表: py_happiness_survey
2026-02-12 20:44:06,438 - INFO -    >>> 发现数据源 [train]: 8000 条
2026-02-12 20:44:06,438 - INFO -    >>> 发现数据源 [test]: 2968 条
2026-02-12 20:44:06,438 - INFO - ==================================================
2026-02-12 20:44:07,101 - INFO - ✅ py_happiness_survey 入库成功
2026-02-12 20:44:07,211 - INFO - 读取成功: happiness_train_complete.csv
2026-02-12 20:44:07,252 - INFO - 读取成功: happiness_test_complete.csv
2026-02-12 20:44:07,256 - INFO - ==================================================
2026-02-12 20:44:07,256 - INFO - 📊 准备写入数据库表: py_happiness_survey_complete
2026-02-12 20:44:07,256 - INFO -    >>> 发现数据源 [train]: 8000 条
2026-02-12 20:44:07,256 - INFO -    >>> 发现数据源 [test]: 2968 条
2026-02-12 20:44:07,256 - INFO - ==================================================
2026-02-12 20:44:08,928 - INFO - ✅ py_happiness_survey_complete 入库成功
2026-02-12 20:44:08,941 - INFO - 🎉 数据导入流程全部圆满完成！
2026-02-12 20:48:21,897 - INFO - 读取成功: happiness_train_abbr.csv
2026-02-12 20:48:21,917 - INFO - 读取成功: happiness_test_abbr.csv
2026-02-12 20:48:21,920 - INFO - ==================================================
2026-02-12 20:48:21,920 - INFO - 📊 准备写入数据库表: py_happiness_survey
2026-02-12 20:48:21,920 - INFO -    >>> 发现数据源 [train]: 8000 条
2026-02-12 20:48:21,920 - INFO -    >>> 发现数据源 [test]: 2968 条
2026-02-12 20:48:21,920 - INFO - ==================================================
2026-02-12 20:48:22,596 - INFO - ✅ py_happiness_survey 入库成功
2026-02-12 20:48:22,684 - INFO - 读取成功: happiness_train_complete.csv
2026-02-12 20:48:22,721 - INFO - 读取成功: happiness_test_complete.csv
2026-02-12 20:48:22,724 - INFO - ==================================================
2026-02-12 20:48:22,724 - INFO - 📊 准备写入数据库表: py_happiness_survey_complete
2026-02-12 20:48:22,724 - INFO -    >>> 发现数据源 [train]: 8000 条
2026-02-12 20:48:22,724 - INFO -    >>> 发现数据源 [test]: 2968 条
2026-02-12 20:48:22,724 - INFO - ==================================================
2026-02-12 20:48:24,287 - INFO - ✅ py_happiness_survey_complete 入库成功
2026-02-12 20:48:24,305 - INFO - 🎉 数据导入流程全部圆满完成！
2026-04-07 08:42:01,095 - INFO - 准备创建数据库 0_80123xingfuganwajue
2026-04-07 08:43:44,779 - INFO - 准备创建数据库 0_80123xingfuganwajue
2026-04-07 08:45:13,908 - INFO - 准备创建数据库 0_80123xingfuganwajue
2026-04-07 08:46:00,795 - INFO - 准备创建数据库 0_80123xingfuganwajue
2026-04-07 08:47:47,740 - INFO - 准备创建数据库 0_80123xingfuganwajue
2026-04-07 08:48:46,751 - INFO - 准备创建数据库 0_80123xingfuganwajue
2026-04-07 08:49:56,588 - INFO - 准备创建数据库 0_80123xingfuganwajue
2026-04-07 08:50:40,384 - INFO - 准备创建数据库 0_80123xingfuganwajue
2026-04-07 08:50:47,539 - INFO - 准备创建数据库 0_80123xingfuganwajue
2026-04-07 08:51:25,686 - INFO - 准备创建数据库 0_80123xingfuganwajue
2026-04-07 08:51:25,714 - INFO - 数据库 0_80123xingfuganwajue 已就绪
2026-04-07 08:51:25,714 - INFO - ============================================================
2026-04-07 08:51:25,714 - INFO - 开始初始化表 py_happiness_survey
2026-04-07 08:51:25,735 - INFO - 已读取 happiness_train_abbr.csv，记录数 8000
2026-04-07 08:51:25,743 - INFO - 已读取 happiness_test_abbr.csv，记录数 2968
2026-04-07 08:51:25,835 - INFO - 表 py_happiness_survey 已重建完成
2026-04-07 08:51:26,333 - INFO - 表 py_happiness_survey 已写入 10968 条记录
2026-04-07 08:51:26,341 - INFO - py_happiness_survey 数据分布: [{'dataSource': 'test', 'total': 2968}, {'dataSource': 'train', 'total': 8000}]
2026-04-07 08:51:26,341 - INFO - ============================================================
2026-04-07 08:51:26,341 - INFO - 开始初始化表 py_happiness_survey_complete
2026-04-07 08:51:26,493 - INFO - 已读取 happiness_train_complete.csv，记录数 8000
2026-04-07 08:51:26,530 - INFO - 已读取 happiness_test_complete.csv，记录数 2968
2026-04-07 08:51:26,677 - INFO - 表 py_happiness_survey_complete 已重建完成
2026-04-07 08:51:28,080 - INFO - 表 py_happiness_survey_complete 已写入 10968 条记录
2026-04-07 08:51:28,093 - INFO - py_happiness_survey_complete 数据分布: [{'dataSource': 'test', 'total': 2968}, {'dataSource': 'train', 'total': 8000}]
2026-04-07 08:51:28,093 - INFO - 🎉 幸福感数据库初始化完成
